******************************************************************************
                  TI ARM Linker Unix v20.2.2                   
******************************************************************************
>> Linked Mon Apr 12 14:08:20 2021

OUTPUT FILE NAME:   <RX.out>
ENTRY POINT SYMBOL: "ResetISR"  address: 00006049


MEMORY CONFIGURATION

         name            origin    length      used     unused   attr    fill
----------------------  --------  ---------  --------  --------  ----  --------
  FLASH                 00000000   00058000  00008c0b  0004f3f5  R  X
  GPRAM                 11000000   00002000  00000000  00002000  RW X
  SRAM                  20000000   00014000  000057d7  0000e829  RW X
  LOG_DATA              90000000   00040000  00000000  00040000  R   


SEGMENT ALLOCATION MAP

run origin  load origin   length   init length attrs members
----------  ----------- ---------- ----------- ----- -------
00000000    00000000    00008bb8   00008bb8    r-x
  00000000    00000000    0000003c   0000003c    r-- .resetVecs
  0000003c    0000003c    00007fa8   00007fa8    r-x .text
  00007fe4    00007fe4    0000098f   0000098f    r-- .const
  00008978    00008978    00000240   00000240    r-- .cinit
00057fa8    00057fa8    00000058   00000058    r--
  00057fa8    00057fa8    00000058   00000058    r-- .ccfg
20000100    20000100    0000000c   00000000    rw-
  20000100    20000100    00000004   00000000    rw- .data:xdcRomConstPtr
  20000104    20000104    00000004   00000000    rw- .data:xdcRomExternFuncPtr
  20000108    20000108    00000004   00000000    rw- .data:xdcRomStatePtr
20000110    20000110    00004000   00000000    r--
  20000110    20000110    00004000   00000000    r-- .priheap
20004110    20004110    000012fa   00000000    rw-
  20004110    20004110    00000b49   00000000    rw- .data
  20004c60    20004c60    000007aa   00000000    rw- .bss
20013c00    20013c00    00000400   00000000    rw-
  20013c00    20013c00    00000400   00000000    rw- .stack


SECTION ALLOCATION MAP

 output                                  attributes/
section   page    origin      length       input sections
--------  ----  ----------  ----------   ----------------
.binit     0    00000000    00000000     

.cinit     0    00008978    00000240     
                  00008978    000001eb     (.cinit..data.load) [load image, compression = lzss]
                  00008b63    00000001     --HOLE-- [fill = 0]
                  00008b64    0000000c     (__TI_handler_table)
                  00008b70    00000008     (.cinit..bss.load) [load image, compression = zero_init]
                  00008b78    00000008     (.cinit..data:xdcRomConstPtr.load) [load image, compression = lzss]
                  00008b80    00000008     (.cinit..data:xdcRomExternFuncPtr.load) [load image, compression = lzss]
                  00008b88    00000008     (.cinit..data:xdcRomStatePtr.load) [load image, compression = lzss]
                  00008b90    00000028     (__TI_cinit_table)

.init_array 
*          0    00000000    00000000     UNINITIALIZED

.ccfg      0    00057fa8    00000058     
                  00057fa8    00000058     ti_devices_config.obj (.ccfg:retain)

.data      0    20004110    00000b49     UNINITIALIZED
                  20004110    000004f8     rf_multiMode_cc13x2.aem4f : RFCC26X2_multiMode.c.cc13x2.ccs.o (.data:$O1$$)
                  20004608    00000170     drivers_cc13x2.a : PowerCC26X2.oem4f (.data:PowerCC26X2_module)
                  20004778    0000010c     release_pem4f.oem4f (.data:ROM_stateStruct)
                  20004884    00000088     rom_sysbios.aem4f : rom_sysbios.obj (.data:$O1$$)
                  2000490c    00000054     release_pem4f.oem4f (.data:ti_sysbios_gates_GateMutex_Object__table__V)
                  20004960    0000004c     release_pem4f.oem4f (.data:ti_sysbios_knl_Task_Object__table__V)
                  200049ac    00000004     ti_drivers_config.obj (.data:gpioCallbackFunctions)
                  200049b0    00000048     release_pem4f.oem4f (.data:ti_sysbios_family_arm_cc26xx_Timer_Object__table__V)
                  200049f8    00000030     release_pem4f.oem4f (.data:ti_sysbios_knl_Swi_Module_State_0_readyQ__A)
                  20004a28    00000030     release_pem4f.oem4f (.data:ti_sysbios_knl_Swi_Object__table__V)
                  20004a58    00000030     release_pem4f.oem4f (.data:ti_sysbios_knl_Task_Module_State_0_readyQ__A)
                  20004a88    00000028     ti_radio_config.obj (.data:RF_cmdPropRadioDivSetup)
                  20004ab0    00000028     ti_radio_config.obj (.data:pOverrides)
                  20004ad8    00000024     driverlib.lib : osc.obj (.data:$O1$$)
                  20004afc    00000024     ti_radio_config.obj (.data:RF_cmdPropRx)
                  20004b20    00000020     release_pem4f.oem4f (.data:ti_sysbios_knl_Clock_Object__table__V)
                  20004b40    00000020     release_pem4f.oem4f (.data:xdc_runtime_Error_IgnoreBlock)
                  20004b60    00000018     ti_radio_config.obj (.data:RF_cmdFs)
                  20004b78    00000018     release_pem4f.oem4f (.data:ti_sysbios_family_arm_m3_Hwi_Object__table__V)
                  20004b90    00000018     release_pem4f.oem4f (.data:ti_sysbios_heaps_HeapMem_Object__table__V)
                  20004ba8    00000010     ti_radio_config.obj (.data:RF_prop)
                  20004bb8    00000008     rtsv7M4_T_le_v4SPD16_eabi.lib : _lock.c.obj (.data:$O1$$)
                  20004bc0    00000008     rf_multiMode_cc13x2.aem4f : RFCC26X2_multiMode.c.cc13x2.ccs.o (.data:RFCC26XX_schedulerPolicy)
                  20004bc8    00000008     drivers_cc13x2.a : PINCC26XX.oem4f (.data)
                  20004bd0    00000008     release_pem4f.oem4f (.data:ti_sysbios_family_arm_m3_Hwi_Module__root__V)
                  20004bd8    00000008     release_pem4f.oem4f (.data:ti_sysbios_gates_GateHwi_Module__root__V)
                  20004be0    00000008     release_pem4f.oem4f (.data:ti_sysbios_gates_GateMutex_Module__root__V)
                  20004be8    00000008     release_pem4f.oem4f (.data:ti_sysbios_hal_Hwi_Module__root__V)
                  20004bf0    00000008     release_pem4f.oem4f (.data:ti_sysbios_heaps_HeapMem_Module__root__V)
                  20004bf8    00000008     release_pem4f.oem4f (.data:ti_sysbios_knl_Clock_Module__root__V)
                  20004c00    00000008     release_pem4f.oem4f (.data:ti_sysbios_knl_Event_Module__root__V)
                  20004c08    00000008     release_pem4f.oem4f (.data:ti_sysbios_knl_Mailbox_Module__root__V)
                  20004c10    00000008     release_pem4f.oem4f (.data:ti_sysbios_knl_Queue_Module__root__V)
                  20004c18    00000008     release_pem4f.oem4f (.data:ti_sysbios_knl_Semaphore_Module__root__V)
                  20004c20    00000008     release_pem4f.oem4f (.data:ti_sysbios_knl_Swi_Module__root__V)
                  20004c28    00000008     release_pem4f.oem4f (.data:ti_sysbios_knl_Task_Module__root__V)
                  20004c30    00000008     release_pem4f.oem4f (.data:xdc_runtime_System_Module_State_0_atexitHandlers__A)
                  20004c38    00000005     drivers_cc13x2.a : GPIOCC26XX.oem4f (.data)
                  20004c3d    00000001                      : UART.oem4f (.data)
                  20004c3e    00000002     release_pem4f.oem4f (.data:ti_sysbios_family_arm_m3_Hwi_Module_State_0_excActive__A)
                  20004c40    00000004     ti_drivers_config.obj (.data:gpioPinConfigs)
                  20004c44    00000004     drivers_cc13x2.a : GPIOCC26XX.oem4f (.data:gpioPinTable)
                  20004c48    00000004     rtsv7M4_T_le_v4SPD16_eabi.lib : stkdepth_vars.c.obj (.data)
                  20004c4c    00000004     release_pem4f.oem4f (.data:ti_sysbios_family_arm_m3_Hwi_Module_State_0_excContext__A)
                  20004c50    00000004     release_pem4f.oem4f (.data:ti_sysbios_family_arm_m3_Hwi_Module_State_0_excStack__A)
                  20004c54    00000004     release_pem4f.oem4f (.data:ti_sysbios_knl_Task_Module_State_0_idleTask__A)
                  20004c58    00000001     rf_multiMode_cc13x2.aem4f : rf_patch_cpe_prop.c.cc13x2.ccs.o (.data)

.bss       0    20004c60    000007aa     UNINITIALIZED
                  20004c60    00000200     release_pem4f.oem4f (.bss:taskStackSection)
                  20004e60    000001b4     (.common:uartCC26XXObjects)
                  20005014    00000004     drivers_cc13x2.a : PINCC26XX.oem4f (.bss)
                  20005018    000000f8     main_thread.obj (.bss:rfObject)
                  20005110    000000d8     (.common:ti_sysbios_family_arm_m3_Hwi_dispatchTable)
                  200051e8    0000007c     (.common:pinHandleTable)
                  20005264    00000050     drivers_cc13x2.a : PINCC26XX.oem4f (.bss:pinSemaphore)
                  200052b4    00000034                      : PINCC26XX.oem4f (.bss:pinSwi)
                  200052e8    00000024     main_thread.obj (.bss:uartParams)
                  2000530c    00000020     drivers_cc13x2.a : GPIOCC26XX.oem4f (.bss:gpioCallbackInfo)
                  2000532c    00000020                      : PINCC26XX.oem4f (.bss:pinGpioConfigTable)
                  2000534c    00000020     main_thread.obj (.bss:rxDataEntryBuffer)
                  2000536c    00000020     ti_drivers_config.obj (.bss:uartCC26XXRingBuffer0)
                  2000538c    0000001c     drivers_cc13x2.a : PINCC26XX.oem4f (.bss:pinHwi)
                  200053a8    00000014     rf_multiMode_cc13x2.aem4f : RFCC26X2_multiMode.c.cc13x2.ccs.o (.bss:RF_ratSyncCmd)
                  200053bc    00000014     main_thread.obj (.bss)
                  200053d0    0000000c     drivers_cc13x2.a : GPIOCC26XX.oem4f (.bss:gpioPinState)
                  200053dc    00000008     main_thread.obj (.bss:dataQueue)
                  200053e4    00000008     drivers_cc13x2.a : GPIOCC26XX.oem4f (.bss)
                  200053ec    00000008     main_thread.obj (.bss:packet)
                  200053f4    00000008     (.common:msg)
                  200053fc    00000004     (.common:PowerCC26XX_swiKey)
                  20005400    00000004     (.common:PowerCC26XX_taskKey)
                  20005404    00000004     (.common:readEntry)
                  20005408    00000001     rf_multiMode_cc13x2.aem4f : RFCC26X2_multiMode.c.cc13x2.ccs.o (.bss)
                  20005409    00000001     (.common:driverlib_release_0_59848)

.stack     0    20013c00    00000400     UNINITIALIZED
                  20013c00    00000400     --HOLE--

.priheap   0    20000110    00004000     UNINITIALIZED
                  20000110    00004000     --HOLE--

.log_data 
*          0    90000000    00000000     COPY SECTION

.data:xdcRomConstPtr 
*          0    20000100    00000004     UNINITIALIZED
                  20000100    00000004     release_pem4f.oem4f (.data:xdcRomConstPtr)

.data:xdcRomExternFuncPtr 
*          0    20000104    00000004     UNINITIALIZED
                  20000104    00000004     release_pem4f.oem4f (.data:xdcRomExternFuncPtr)

.data:xdcRomStatePtr 
*          0    20000108    00000004     UNINITIALIZED
                  20000108    00000004     release_pem4f.oem4f (.data:xdcRomStatePtr)

.bootVecs 
*          0    00000000    00000008     DSECT
                  00000000    00000008     boot.aem4f : boot.oem4f (.bootVecs)

.resetVecs 
*          0    00000000    0000003c     
                  00000000    0000003c     release_pem4f.oem4f (.resetVecs)

.vecs      0    20000000    000000d8     NOLOAD SECTION
                  20000000    000000d8     release_pem4f.oem4f (.vecs)

xdc.meta   0    00000000    00000114     COPY SECTION
                  00000000    00000114     release_pem4f.oem4f (xdc.meta)

xdc.noload 
*          0    00000000    00000000     COPY SECTION

__llvm_prf_cnts 
*          0    20000000    00000000     UNINITIALIZED

.text      0    0000003c    00007fa8     
                  0000003c    00000a4e     rtsv7M4_T_le_v4SPD16_eabi.lib : _printfi.c.obj (.text:__TI_printfi)
                  00000a8a    00000002     ti_drivers_config.obj (.text:Board_initHook)
                  00000a8c    000004b0     rf_multiMode_cc13x2.aem4f : RFCC26X2_multiMode.c.cc13x2.ccs.o (.text:RF_fsmActiveState)
                  00000f3c    00000270     rtsv7M4_T_le_v4SPD16_eabi.lib : _printfi.c.obj (.text:_pconv_a)
                  000011ac    00000200     rf_multiMode_cc13x2.aem4f : RFCC26X2_multiMode.c.cc13x2.ccs.o (.text:RF_open)
                  000013ac    000001e0     drivers_cc13x2.a : PINCC26XX.oem4f (.text:PIN_init)
                  0000158c    000001d4     rf_multiMode_cc13x2.aem4f : RFCC26X2_multiMode.c.cc13x2.ccs.o (.text:RF_dispatchNextCmd)
                  00001760    000001d0     rtsv7M4_T_le_v4SPD16_eabi.lib : _printfi.c.obj (.text:_pconv_g)
                  00001930    000001b6                                   : fd_add_t2.asm.obj (.text)
                  00001ae6    00000002     rf_multiMode_cc13x2.aem4f : rfc.c.cc13x2.ccs.o (.text:NOROM_RFCCpePatchReset)
                  00001ae8    00000198     drivers_cc13x2.a : PowerCC26X2.oem4f (.text:Power_sleep)
                  00001c80    00000190                      : PowerCC26X2_calibrateRCOSC.oem4f (.text:calibrateRcoscHf1)
                  00001e10    0000018c                      : PowerCC26X2_calibrateRCOSC.oem4f (.text:runCalibrateFsm)
                  00001f9c    00000188     release_pem4f.oem4f (.text:xdc_runtime_System_printfExtend__I)
                  00002124    00000174     drivers_cc13x2.a : PowerCC26X2.oem4f (.text:Power_init)
                  00002298    00000164                      : UARTCC26XX.oem4f (.text:UARTCC26XX_open)
                  000023fc    00000154     rf_multiMode_cc13x2.aem4f : RFCC26X2_multiMode.c.cc13x2.ccs.o (.text:RF_radioOpDoneCb)
                  00002550    00000154     drivers_cc13x2.a : UARTCC26XX.oem4f (.text:UARTCC26XX_hwiIntFxn)
                  000026a4    00000148     rf_multiMode_cc13x2.aem4f : RFCC26X2_multiMode.c.cc13x2.ccs.o (.text:RF_fsmSetupState)
                  000027ec    0000013c     rtsv7M4_T_le_v4SPD16_eabi.lib : _printfi.c.obj (.text:_pconv_e)
                  00002928    0000013a     drivers_cc13x2.a : UARTCC26XX.oem4f (.text:UARTCC26XX_read)
                  00002a62    00000002     rf_multiMode_cc13x2.aem4f : RFCC26X2_multiMode.c.cc13x2.ccs.o (.text:RF_defaultCallback)
                  00002a64    00000138                               : RFCC26X2_multiMode.c.cc13x2.ccs.o (.text:RF_abortCmd)
                  00002b9c    00000136     rtsv7M4_T_le_v4SPD16_eabi.lib : fd_div_t2.asm.obj (.text)
                  00002cd2    00000002                                   : _lock.c.obj (.text:_nop)
                  00002cd4    00000124                                   : _printfi.c.obj (.text:fcvt)
                  00002df8    00000120     drivers_cc13x2.a : PowerCC26X2.oem4f (.text:configureXOSCHF)
                  00002f18    00000114                      : PINCC26XX.oem4f (.text:PINCC26XX_setIoCfg)
                  0000302c    00000112     rf_multiMode_cc13x2.aem4f : RFCC26X2_multiMode.c.cc13x2.ccs.o (.text:RF_decodeOverridePointers)
                  0000313e    00000002     drivers_cc13x2.a : PowerCC26X2.oem4f (.text:emptyClockFunc)
                  00003140    00000110                      : GPIOCC26XX.oem4f (.text:GPIO_setConfig)
                  00003250    00000110     rtsv7M4_T_le_v4SPD16_eabi.lib : s_scalbn.c.obj (.text:scalbn)
                  00003360    00000104     rf_multiMode_cc13x2.aem4f : RFCC26X2_multiMode.c.cc13x2.ccs.o (.text:RF_hwiCpe0Active)
                  00003464    000000fc     main_thread.obj (.text:mainThread)
                  00003560    000000fc     rtsv7M4_T_le_v4SPD16_eabi.lib : fd_mul_t2.asm.obj (.text)
                  0000365c    000000f0     driverlib.lib : sys_ctrl.obj (.text:NOROM_SysCtrlStandby)
                  0000374c    000000f0     rf_multiMode_cc13x2.aem4f : RFCC26X2_multiMode.c.cc13x2.ccs.o (.text:RF_fsmPowerUpState)
                  0000383c    000000ec     rom_sysbios.aem4f : rom_sysbios.obj (.text:pthread_create)
                  00003928    000000e4     rf_multiMode_cc13x2.aem4f : RFCC26X2_multiMode.c.cc13x2.ccs.o (.text:RF_postCmd)
                  00003a0c    000000e0     RFQueue.obj (.text:RFQueue_defineQueue)
                  00003aec    000000e0     drivers_cc13x2.a : UARTCC26XX.oem4f (.text:UARTCC26XX_write)
                  00003bcc    000000d8     rf_multiMode_cc13x2.aem4f : RFCC26X2_multiMode.c.cc13x2.ccs.o (.text:RF_pendCmd)
                  00003ca4    000000d2                               : RFCC26X2_multiMode.c.cc13x2.ccs.o (.text:RF_updatePaConfiguration)
                  00003d76    00000002     rtsv7M4_T_le_v4SPD16_eabi.lib : div0.asm.obj (.text)
                  00003d78    000000d0     rf_multiMode_cc13x2.aem4f : RFCC26X2_multiMode.c.cc13x2.ccs.o (.text:RF_swiHw)
                  00003e48    000000c8     dpl_cc13x2.a : PowerCC26X2_tirtos.oem4f (.text:PowerCC26XX_standbyPolicy)
                  00003f10    000000c4     drivers_cc13x2.a : GPIOCC26XX.oem4f (.text:GPIO_init)
                  00003fd4    000000c0                      : PowerCC26X2.oem4f (.text:Power_releaseDependency)
                  00004094    000000c0                      : UARTCC26XX.oem4f (.text:UARTCC26XX_initIO)
                  00004154    000000bc     rf_multiMode_cc13x2.aem4f : RFCC26X2_multiMode.c.cc13x2.ccs.o (.text:RF_initRadioSetup)
                  00004210    000000b8     drivers_cc13x2.a : PowerCC26X2.oem4f (.text:Power_setDependency)
                  000042c8    000000b8                      : UARTCC26XX.oem4f (.text:UARTCC26XX_initHw)
                  00004380    000000b1     rtsv7M4_T_le_v4SPD16_eabi.lib : _printfi.c.obj (.text:_ltostr)
                  00004431    00000001     --HOLE-- [fill = 0]
                  00004432    00000002     release_pem4f.oem4f (.text:ti_sysbios_BIOS_nullFunc__I)
                  00004434    000000ac     drivers_cc13x2.a : PINCC26XX.oem4f (.text:PIN_open)
                  000044e0    000000ac     driverlib.lib : setup.obj (.text:TrimAfterColdResetWakeupFromShutDown)
                  0000458c    000000a4     rf_multiMode_cc13x2.aem4f : RFCC26X2_multiMode.c.cc13x2.ccs.o (.text:RF_ratRestartChannels)
                  00004630    000000a4     main_thread.obj (.text:callback)
                  000046d4    000000a0     auto_init.aem4f : auto_init.oem4f (.text)
                  00004774    000000a0     rom_sysbios.aem4f : rom_sysbios.obj (.text:ti_sysbios_knl_Task_setPri__E)
                  00004814    0000009c     rtsv7M4_T_le_v4SPD16_eabi.lib : memcpy_t2.asm.obj (.text)
                  000048b0    00000098     driverlib.lib : setup.obj (.text:NOROM_SetupTrimDevice)
                  00004948    00000098     rf_multiMode_cc13x2.aem4f : RFCC26X2_multiMode.c.cc13x2.ccs.o (.text:RF_calculateDispatchTime)
                  000049e0    00000098     drivers_cc13x2.a : UARTCC26XX.oem4f (.text:writeTxFifoFlush)
                  00004a78    00000096     rtsv7M4_T_le_v4SPD16_eabi.lib : ull_div_t2.asm.obj (.text)
                  00004b0e    00000092     drivers_cc13x2.a : UARTCC26XX.oem4f (.text:UARTCC26XX_writeCancel)
                  00004ba0    00000090     rf_multiMode_cc13x2.aem4f : RFCC26X2_multiMode.c.cc13x2.ccs.o (.text:RF_discardPendCmd)
                  00004c30    00000088     driverlib.lib : osc.obj (.text:NOROM_OSCHF_AttemptToSwitchToXosc)
                  00004cb8    00000088     rf_multiMode_cc13x2.aem4f : RFCC26X2_multiMode.c.cc13x2.ccs.o (.text:RF_cmdDispatchTime)
                  00004d40    00000088     rom_sysbios.aem4f : rom_sysbios.obj (.text:_pthread_removeThreadKeys)
                  00004dc8    00000088     drivers_cc13x2.a : PowerCC26X2_calibrateRCOSC.oem4f (.text:calibrateRcoscHf2)
                  00004e50    00000088                      : PowerCC26X2.oem4f (.text:disableLFClockQualifiers)
                  00004ed8    00000088                      : PowerCC26X2_calibrateRCOSC.oem4f (.text:updateSubSecInc)
                  00004f60    00000086     rtsv7M4_T_le_v4SPD16_eabi.lib : fd_cmp_t2.asm.obj (.text:__aeabi_cdcmple)
                  00004fe6    00000086                                   : fd_cmp_t2.asm.obj (.text:__aeabi_cdrcmple)
                  0000506c    00000084     ti_drivers_config.obj (.text:Board_sendExtFlashByte)
                  000050f0    00000084     rf_multiMode_cc13x2.aem4f : RFCC26X2_multiMode.c.cc13x2.ccs.o (.text:RF_issueRadioFreeCb)
                  00005174    00000084                               : RFCC26X2_multiMode.c.cc13x2.ccs.o (.text:RF_verifyGap)
                  000051f8    00000084     drivers_cc13x2.a : UARTCC26XX.oem4f (.text:UARTCC26XX_close)
                  0000527c    00000084     rom_sysbios.aem4f : rom_sysbios.obj (.text:ti_sysbios_family_arm_m3_Hwi_excHandlerMin__I)
                  00005300    00000080     driverlib.lib : sys_ctrl.obj (.text:NOROM_SysCtrlSetRechargeBeforePowerDown)
                  00005380    00000080     rom_sysbios.aem4f : rom_sysbios.obj (.text:ti_sysbios_family_arm_cc26xx_Timer_start__E)
                  00005400    0000007c     rf_multiMode_cc13x2.aem4f : RFCC26X2_multiMode.c.cc13x2.ccs.o (.text:RF_ratFreeChannel)
                  0000547c    0000007a     rtsv7M4_T_le_v4SPD16_eabi.lib : memset_t2.asm.obj (.text)
                  000054f6    00000076     rom_sysbios.aem4f : rom_sysbios.obj (.text:ti_sysbios_heaps_HeapMem_allocUnprotected__E)
                  0000556c    00000074     drivers_cc13x2.a : PowerCC26X2_calibrateRCOSC.oem4f (.text:PowerCC26X2_auxISR)
                  000055e0    00000072     rf_multiMode_cc13x2.aem4f : RFCC26X2_multiMode.c.cc13x2.ccs.o (.text:RF_detachOverrides)
                  00005652    00000070                               : rfc.c.cc13x2.ccs.o (.text:NOROM_RFCAnaDivTxOverride)
                  000056c2    00000002     rom_sysbios.aem4f : rom_sysbios.obj (.text:xdc_runtime_SysCallback_defaultAbort)
                  000056c4    00000070     drivers_cc13x2.a : PINCC26XX.oem4f (.text:PIN_add)
                  00005734    00000070     rf_multiMode_cc13x2.aem4f : RFCC26X2_multiMode.c.cc13x2.ccs.o (.text:RF_getCurrentTime)
                  000057a4    0000006e                               : RFCC26X2_multiMode.c.cc13x2.ccs.o (.text:RF_attachOverrides)
                  00005812    0000006e                               : RFCC26X2_multiMode.c.cc13x2.ccs.o (.text:RF_howToSchedule)
                  00005880    0000006e     rtsv7M4_T_le_v4SPD16_eabi.lib : _printfi.c.obj (.text:_mcpy)
                  000058ee    00000002     rom_sysbios.aem4f : rom_sysbios.obj (.text:xdc_runtime_SysCallback_defaultExit)
                  000058f0    0000006d                       : rom_sysbios.obj (.text:xdc_runtime_System_formatNum__I)
                  0000595d    00000001     --HOLE-- [fill = 0]
                  0000595e    00000002                       : rom_sysbios.obj (.text:xdc_runtime_SysCallback_defaultFlush)
                  00005960    0000006c     driverlib.lib : chipinfo.obj (.text:NOROM_ChipInfo_GetChipType)
                  000059cc    0000006c     rf_multiMode_cc13x2.aem4f : RFCC26X2_multiMode.c.cc13x2.ccs.o (.text:RF_dispatchNextEvent)
                  00005a38    00000068     driverlib.lib : osc.obj (.text:NOROM_OSCHF_SwitchToRcOscTurnOffXosc)
                  00005aa0    00000068     rf_multiMode_cc13x2.aem4f : RFCC26X2_multiMode.c.cc13x2.ccs.o (.text:RF_hwiHw)
                  00005b08    00000068     rtsv7M4_T_le_v4SPD16_eabi.lib : copy_decompress_lzss.c.obj (.text:decompress:lzss:__TI_decompress_lzss)
                  00005b70    00000068     main_tirtos.obj (.text:main)
                  00005bd8    00000064     drivers_cc13x2.a : UARTCC26XX.oem4f (.text:UARTCC26XX_control)
                  00005c3c    00000064     rtsv7M4_T_le_v4SPD16_eabi.lib : s_frexp.c.obj (.text:frexp)
                  00005ca0    00000062     rf_multiMode_cc13x2.aem4f : RFCC26X2_multiMode.c.cc13x2.ccs.o (.text:RF_syncCb)
                  00005d02    00000062     drivers_cc13x2.a : UARTCC26XX.oem4f (.text:UARTCC26XX_swiIntFxn)
                  00005d64    00000060                      : GPIOCC26XX.oem4f (.text:GPIO_write)
                  00005dc4    00000060     rf_multiMode_cc13x2.aem4f : RFCC26X2_multiMode.c.cc13x2.ccs.o (.text:RF_applyRfCorePatch)
                  00005e24    0000005c     drivers_cc13x2.a : PINCC26XX.oem4f (.text:PIN_remove)
                  00005e80    0000005c     rf_multiMode_cc13x2.aem4f : RFCC26X2_multiMode.c.cc13x2.ccs.o (.text:RF_hwiCpe0PowerFsm)
                  00005edc    0000005c     drivers_cc13x2.a : UARTCC26XX.oem4f (.text:startTxFifoEmptyClk)
                  00005f38    0000005c     rom_sysbios.aem4f : rom_sysbios.obj (.text:ti_sysbios_heaps_HeapMem_initPrimary__I)
                  00005f94    0000005c     release_pem4f.oem4f (.text:xdc_runtime_Startup_getState__I)
                  00005ff0    00000058     drivers_cc13x2.a : PowerCC26X2_calibrateRCOSC.oem4f (.text:PowerCC26X2_initiateCalibration)
                  00006048    00000058     boot.aem4f : boot.oem4f (.text)
                  000060a0    00000058     rom_sysbios.aem4f : rom_sysbios.obj (.text:pthread_exit)
                  000060f8    00000058                       : rom_sysbios.obj (.text:ti_sysbios_heaps_HeapMem_alloc__E)
                  00006150    00000056     rf_multiMode_cc13x2.aem4f : RFCC26X2_multiMode.c.cc13x2.ccs.o (.text:RF_defaultSubmitPolicy)
                  000061a6    00000056     rtsv7M4_T_le_v4SPD16_eabi.lib : _printfi.c.obj (.text:_pconv_f)
                  000061fc    00000054     driverlib.lib : prcm.obj (.text:NOROM_PRCMPowerDomainsAllOff)
                  00006250    00000054     rf_multiMode_cc13x2.aem4f : RFCC26X2_multiMode.c.cc13x2.ccs.o (.text:RF_fsmXOSCState)
                  000062a4    00000054     dpl_cc13x2.a : SwiP_tirtos.oem4f (.text:SwiP_construct)
                  000062f8    00000054     rtsv7M4_T_le_v4SPD16_eabi.lib : _ltoa.c.obj (.text:__TI_ltoa)
                  0000634c    00000052                                   : _printfi.c.obj (.text:_ecpy)
                  0000639e    00000002     rom_sysbios.aem4f : rom_sysbios.obj (.text:xdc_runtime_SysCallback_defaultPutch)
                  000063a0    0000004c     ti_drivers_config.obj (.text:Board_wakeUpExtFlash)
                  000063ec    0000004c     driverlib.lib : prcm.obj (.text:NOROM_PRCMPowerDomainsAllOn)
                  00006438    0000004c     rf_multiMode_cc13x2.aem4f : RFCC26X2_multiMode.c.cc13x2.ccs.o (.text:RF_wakeupNotification)
                  00006484    0000004c     drivers_cc13x2.a : UARTCC26XX.oem4f (.text:UARTCC26XX_readCancel)
                  000064d0    0000004c     rtsv7M4_T_le_v4SPD16_eabi.lib : atoi.c.obj (.text:atoi)
                  0000651c    0000004c                                   : cpy_tbl.c.obj (.text:copy_in)
                  00006568    00000048     rf_multiMode_cc13x2.aem4f : rfc.c.cc13x2.ccs.o (.text:NOROM_RFCSynthPowerDown)
                  000065b0    00000048     drivers_cc13x2.a : PINCC26XX.oem4f (.text:PIN_setOutputEnable)
                  000065f8    00000048                      : PowerCC26X2_calibrateRCOSC.oem4f (.text:PowerCC26X2_RCOSC_clockFunc)
                  00006640    00000048                      : PowerCC26X2.oem4f (.text:PowerCC26XX_switchXOSC_HF)
                  00006688    00000048     rtsv7M4_T_le_v4SPD16_eabi.lib : fd_toi_t2.asm.obj (.text)
                  000066d0    00000048     drivers_cc13x2.a : PowerCC26X2.oem4f (.text:switchXOSCHF)
                  00006718    00000048                      : UARTCC26XX.oem4f (.text:writeFinishedDoCallback)
                  00006760    00000046                      : RingBuf.oem4f (.text:RingBuf_put)
                  000067a6    00000002     --HOLE-- [fill = 0]
                  000067a8    00000044     driverlib.lib : chipinfo.obj (.text:NOROM_ChipInfo_GetHwRevision)
                  000067ec    00000044     drivers_cc13x2.a : PINCC26XX.oem4f (.text:PIN_swi)
                  00006830    00000044                      : UART.oem4f (.text:UART_init)
                  00006874    00000044     rtsv7M4_T_le_v4SPD16_eabi.lib : fd_tou_t2.asm.obj (.text)
                  000068b8    00000040     ti_drivers_config.obj (.text:Board_shutDownExtFlash)
                  000068f8    00000040     dpl_cc13x2.a : ClockP_tirtos.oem4f (.text:ClockP_construct)
                  00006938    00000040     driverlib.lib : osc.obj (.text:NOROM_OSC_HPOSCRelativeFrequencyOffsetGet)
                  00006978    00000040     drivers_cc13x2.a : PowerCC26X2.oem4f (.text:PowerCC26XX_isStableXOSC_HF)
                  000069b8    00000040                      : RingBuf.oem4f (.text:RingBuf_get)
                  000069f8    00000040                      : UART.oem4f (.text:UART_open)
                  00006a38    00000040     rf_multiMode_cc13x2.aem4f : rf_patch_cpe_prop.c.cc13x2.ccs.o (.text:configurePropPatch)
                  00006a78    00000040     rtsv7M4_T_le_v4SPD16_eabi.lib : u_divt2.asm.obj (.text)
                  00006ab8    00000040                                   : sprintf.c.obj (.text:sprintf)
                  00006af8    00000040     rom_sysbios.aem4f : rom_sysbios.obj (.text:ti_sysbios_family_arm_cc26xx_Timer_setThreshold__I)
                  00006b38    0000003e     dpl_cc13x2.a : HwiP_tirtos.oem4f (.text:HwiP_construct)
                  00006b76    0000003e     rtsv7M4_T_le_v4SPD16_eabi.lib : _printfi.c.obj (.text:_fcpy)
                  00006bb4    0000003c     drivers_cc13x2.a : PINCC26XX.oem4f (.text:PIN_setOutputValue)
                  00006bf0    0000003c     rf_multiMode_cc13x2.aem4f : RFCC26X2_multiMode.c.cc13x2.ccs.o (.text:RF_cmdGet)
                  00006c2c    0000003c                               : RFCC26X2_multiMode.c.cc13x2.ccs.o (.text:RF_cmdStoreEvents)
                  00006c68    0000003c     rom_sysbios.aem4f : rom_sysbios.obj (.text:ti_sysbios_family_arm_m3_Hwi_construct2__E)
                  00006ca4    00000038     drivers_cc13x2.a : PINCC26XX.oem4f (.text:PIN_setConfig)
                  00006cdc    00000038     rf_multiMode_cc13x2.aem4f : RFCC26X2_multiMode.c.cc13x2.ccs.o (.text:RF_checkCmdFsError)
                  00006d14    00000038                               : RFCC26X2_multiMode.c.cc13x2.ccs.o (.text:RF_powerConstraintRelease)
                  00006d4c    00000038     drivers_cc13x2.a : PowerCC26X2.oem4f (.text:notify)
                  00006d84    00000038                      : UARTCC26XX.oem4f (.text:readData)
                  00006dbc    00000038     rtsv7M4_T_le_v4SPD16_eabi.lib : fs_tod_t2.asm.obj (.text)
                  00006df4    00000038     drivers_cc13x2.a : UARTCC26XX.oem4f (.text:writeData)
                  00006e2c    00000036     rom_sysbios.aem4f : rom_sysbios.obj (.text:ti_sysbios_family_arm_cc26xx_Timer_setNextTick__E)
                  00006e62    00000002     --HOLE-- [fill = 0]
                  00006e64    00000034     drivers_cc13x2.a : GPIOCC26XX.oem4f (.text:GPIO_toggle)
                  00006e98    00000034     driverlib.lib : aux_sysif.obj (.text:NOROM_AUXSYSIFOpModeChange)
                  00006ecc    00000034                   : sys_ctrl.obj (.text:NOROM_SysCtrlIdle)
                  00006f00    00000034     drivers_cc13x2.a : UARTCC26XX.oem4f (.text:readData2RingBuf)
                  00006f34    00000030                      : GPIOCC26XX.oem4f (.text:GPIO_hwiIntFxn)
                  00006f64    00000030                      : GPIOCC26XX.oem4f (.text:GPIO_setCallback)
                  00006f94    00000030                      : PINCC26XX.oem4f (.text:PINCC26XX_setMux)
                  00006fc4    00000030                      : PowerCC26X2.oem4f (.text:Power_releaseConstraint)
                  00006ff4    00000030                      : PowerCC26X2.oem4f (.text:Power_setConstraint)
                  00007024    00000030     release_pem4f.oem4f (.text:ti_sysbios_BIOS_atExitFunc__I)
                  00007054    00000030     release_pem4f.oem4f (.text:ti_sysbios_BIOS_startFunc__I)
                  00007084    00000030     rom_sysbios.aem4f : rom_sysbios.obj (.text:ti_sysbios_family_arm_cc26xx_Timer_getCurrentTick__E)
                  000070b4    00000030                       : rom_sysbios.obj (.text:ti_sysbios_family_arm_cc26xx_Timer_initDevice__I)
                  000070e4    00000030                       : rom_sysbios.obj (.text:ti_sysbios_knl_Clock_getTimeout__E)
                  00007114    0000002e     rtsv7M4_T_le_v4SPD16_eabi.lib : i_tofd_t2.asm.obj (.text)
                  00007142    00000002     --HOLE-- [fill = 0]
                  00007144    0000002c     rf_multiMode_cc13x2.aem4f : RFCC26X2_multiMode.c.cc13x2.ccs.o (.text:RF_executeDirectImmediateCmd)
                  00007170    0000002c     dpl_cc13x2.a : SemaphoreP_tirtos.oem4f (.text:SemaphoreP_constructBinary)
                  0000719c    0000002c                  : SemaphoreP_tirtos.oem4f (.text:SemaphoreP_createBinary)
                  000071c8    0000002c     rom_sysbios.aem4f : rom_sysbios.obj (.text:_pthread_delete$45)
                  000071f4    0000002c     rf_multiMode_cc13x2.aem4f : rf_patch_cpe_prop.c.cc13x2.ccs.o (.text:applyPropPatch)
                  00007220    0000002c     rom_sysbios.aem4f : rom_sysbios.obj (.text:pthread_setcancelstate)
                  0000724c    0000002c                       : rom_sysbios.obj (.text:ti_sysbios_knl_Clock_getTicksUntilInterrupt__E)
                  00007278    0000002a     drivers_cc13x2.a : List.oem4f (.text:List_insert)
                  000072a2    0000002a     rf_multiMode_cc13x2.aem4f : RFCC26X2_multiMode.c.cc13x2.ccs.o (.text:RF_searchAndReplacePAOverride)
                  000072cc    00000028                               : rfc.c.cc13x2.ccs.o (.text:NOROM_RFCOverrideSearch)
                  000072f4    00000028     drivers_cc13x2.a : PowerCC26X2.oem4f (.text:Power_registerNotify)
                  0000731c    00000028     rf_multiMode_cc13x2.aem4f : RFCC26X2_multiMode.c.cc13x2.ccs.o (.text:RF_calculateDeltaTimeUs)
                  00007344    00000028                               : RFCC26X2_multiMode.c.cc13x2.ccs.o (.text:RF_runCmd)
                  0000736c    00000028     drivers_cc13x2.a : PowerCC26X2.oem4f (.text:oscillatorISR)
                  00007394    00000026                      : List.oem4f (.text:List_put)
                  000073ba    00000026                      : List.oem4f (.text:List_putHead)
                  000073e0    00000026                      : List.oem4f (.text:List_remove)
                  00007406    00000002     --HOLE-- [fill = 0]
                  00007408    00000024     driverlib.lib : osc.obj (.text:NOROM_OSCHF_TurnOnXosc)
                  0000742c    00000024     rf_multiMode_cc13x2.aem4f : rfc.c.cc13x2.ccs.o (.text:NOROM_RFCDoorbellSendTo)
                  00007450    00000024                               : RFCC26X2_multiMode.c.cc13x2.ccs.o (.text:RF_cmdAlloc)
                  00007474    00000024                               : RFCC26X2_multiMode.c.cc13x2.ccs.o (.text:RF_invokeGlobalCallback)
                  00007498    00000024     rom_sysbios.aem4f : rom_sysbios.obj (.text:_pthread_cleanupFxn)
                  000074bc    00000024     drivers_cc13x2.a : PowerCC26X2_calibrateRCOSC.oem4f (.text:getTdcSemaphore)
                  000074e0    00000024     rom_sysbios.aem4f : rom_sysbios.obj (.text:pthread_attr_init)
                  00007504    00000024     release_pem4f.oem4f (.text:ti_sysbios_BIOS_registerRTSLock__I)
                  00007528    00000024     release_pem4f.oem4f (.text:ti_sysbios_BIOS_removeRTSLock__I)
                  0000754c    00000024     rom_sysbios.aem4f : rom_sysbios.obj (.text:ti_sysbios_family_arm_cc26xx_Timer_getMaxTicks__E)
                  00007570    00000022     drivers_cc13x2.a : List.oem4f (.text:List_get)
                  00007592    00000002     --HOLE-- [fill = 0]
                  00007594    00000020     ti_drivers_config.obj (.text:Board_init)
                  000075b4    00000020     dpl_cc13x2.a : HwiP_tirtos.oem4f (.text:HwiP_setFunc)
                  000075d4    00000020     drivers_cc13x2.a : PINCC26XX.oem4f (.text:PINCC26XX_setIoCfgMux)
                  000075f4    00000020                      : PowerCC26X2.oem4f (.text:Power_unregisterNotify)
                  00007614    00000020     RFQueue.obj (.text:RFQueue_nextEntry)
                  00007634    00000020     rf_multiMode_cc13x2.aem4f : RFCC26X2_multiMode.c.cc13x2.ccs.o (.text:RF_clkPowerUp)
                  00007654    00000020                               : RFCC26X2_multiMode.c.cc13x2.ccs.o (.text:RF_hwiCpe0ChangePhy)
                  00007674    00000020                               : RFCC26X2_multiMode.c.cc13x2.ccs.o (.text:RF_isStateTransitionAllowed)
                  00007694    00000020                               : RFCC26X2_multiMode.c.cc13x2.ccs.o (.text:RF_ratIsRunning)
                  000076b4    00000020     rtsv7M4_T_le_v4SPD16_eabi.lib : u_tofd_t2.asm.obj (.text)
                  000076d4    00000020     drivers_cc13x2.a : UARTCC26XX.oem4f (.text:threadSafeStdbyDisRelease)
                  000076f4    00000020                      : UARTCC26XX.oem4f (.text:threadSafeStdbyDisSet)
                  00007714    00000020     release_pem4f.oem4f (.text:ti_sysbios_BIOS_rtsLock__I)
                  00007734    00000020     rom_sysbios.aem4f : rom_sysbios.obj (.text:ti_sysbios_family_arm_cc26xx_Timer_dynamicStub__E)
                  00007754    00000020                       : rom_sysbios.obj (.text:xdc_runtime_Error_policyMin__E)
                  00007774    0000001e     drivers_cc13x2.a : PINCC26XX.oem4f (.text:PIN_close)
                  00007792    0000001e                      : PowerCC26X2.oem4f (.text:Power_getTransitionLatency)
                  000077b0    0000001c     driverlib.lib : chipinfo.obj (.text:NOROM_ChipInfo_GetChipFamily)
                  000077cc    0000001c     drivers_cc13x2.a : PINCC26XX.oem4f (.text:PIN_hwi)
                  000077e8    0000001c     dpl_cc13x2.a : PowerCC26X2_tirtos.oem4f (.text:PowerCC26XX_schedulerDisable)
                  00007804    0000001c                  : PowerCC26X2_tirtos.oem4f (.text:PowerCC26XX_schedulerRestore)
                  00007820    0000001c     rf_multiMode_cc13x2.aem4f : RFCC26X2_multiMode.c.cc13x2.ccs.o (.text:RF_clkInactivityCallback)
                  0000783c    0000001c                               : RFCC26X2_multiMode.c.cc13x2.ccs.o (.text:RF_getPAOverrideOffsetAndValue)
                  00007858    0000001c                               : RFCC26X2_multiMode.c.cc13x2.ccs.o (.text:RF_powerConstraintSet)
                  00007874    0000001c     rtsv7M4_T_le_v4SPD16_eabi.lib : memccpy.c.obj (.text:memccpy)
                  00007890    0000001c     rom_sysbios.aem4f : rom_sysbios.obj (.text:ti_sysbios_knl_Swi_construct2__E)
                  000078ac    0000001c     release_pem4f.oem4f (.text:xdc_runtime_Startup_exec__I)
                  000078c8    0000001a     drivers_cc13x2.a : PowerCC26X2.oem4f (.text:PowerCC26XX_calibrate)
                  000078e2    0000001a     rtsv7M4_T_le_v4SPD16_eabi.lib : s_copysign.c.obj (.text:copysign)
                  000078fc    00000018     driverlib.lib : chipinfo.obj (.text:NOROM_ChipInfo_GetPackageType)
                  00007914    00000018     drivers_cc13x2.a : PowerCC26X2.oem4f (.text:Power_idleFunc)
                  0000792c    00000018     rf_multiMode_cc13x2.aem4f : RFCC26X2_multiMode.c.cc13x2.ccs.o (.text:RF_swiFsm)
                  00007944    00000018     drivers_cc13x2.a : UART.oem4f (.text:UART_Params_init)
                  0000795c    00000018     rtsv7M4_T_le_v4SPD16_eabi.lib : args_main.c.obj (.text:_args_main)
                  00007974    00000018                                   : sprintf.c.obj (.text:_outs)
                  0000798c    00000018                                   : ll_mul_t2.asm.obj (.text)
                  000079a4    00000018     drivers_cc13x2.a : PowerCC26X2.oem4f (.text:switchToTCXO)
                  000079bc    00000018     release_pem4f.oem4f (.text:ti_sysbios_BIOS_rtsUnlock__I)
                  000079d4    00000018     rom_sysbios.aem4f : rom_sysbios.obj (.text:ti_sysbios_knl_Swi_or__E)
                  000079ec    00000018                       : rom_sysbios.obj (.text:ti_sysbios_rts_ti_ReentSupport_getReent__F)
                  00007a04    00000018                       : rom_sysbios.obj (.text:xdc_runtime_Error_init__E)
                  00007a1c    00000016     driverlib.lib : chipinfo.obj (.text:NOROM_ThisLibraryIsFor_CC13x2_CC26x2_HwRev20AndLater_HaltIfViolated)
                  00007a32    00000016     rf_multiMode_cc13x2.aem4f : RFCC26X2_multiMode.c.cc13x2.ccs.o (.text:RF_restartClockTimeout)
                  00007a48    00000016     rom_sysbios.aem4f : rom_sysbios.obj (.text:_pthread_cleanup_pop)
                  00007a5e    00000016     rtsv7M4_T_le_v4SPD16_eabi.lib : strchr.c.obj (.text:strchr)
                  00007a74    00000016     release_pem4f.oem4f (.text:ti_sysbios_BIOS_exitFunc__I)
                  00007a8a    00000014     drivers_cc13x2.a : List.oem4f (.text:List_clearList)
                  00007a9e    00000002     --HOLE-- [fill = 0]
                  00007aa0    00000014     rf_multiMode_cc13x2.aem4f : rfc.c.cc13x2.ccs.o (.text:NOROM_RFCCpeIntGetAndClear)
                  00007ab4    00000014     drivers_cc13x2.a : PowerCC26X2_calibrateRCOSC.oem4f (.text:PowerCC26X2_calibrate)
                  00007ac8    00000014     rf_multiMode_cc13x2.aem4f : RFCC26X2_multiMode.c.cc13x2.ccs.o (.text:RF_Params_init)
                  00007adc    00000014                               : RFCC26X2_multiMode.c.cc13x2.ccs.o (.text:RF_dbellSyncOnAck)
                  00007af0    00000014                               : RFCC26X2_multiMode.c.cc13x2.ccs.o (.text:RF_ratGetChannel)
                  00007b04    00000014     rom_sysbios.aem4f : rom_sysbios.obj (.text:pthread_attr_setschedparam)
                  00007b18    00000014                       : rom_sysbios.obj (.text:ti_sysbios_family_arm_cc26xx_Timer_getCount64__E)
                  00007b2c    00000014     release_pem4f.oem4f (.text:ti_sysbios_knl_Clock_doTick__I)
                  00007b40    00000012     drivers_cc13x2.a : RingBuf.oem4f (.text:RingBuf_construct)
                  00007b52    00000012     dpl_cc13x2.a : SemaphoreP_tirtos.oem4f (.text:SemaphoreP_pend)
                  00007b64    00000012     rom_sysbios.aem4f : rom_sysbios.obj (.text:_pthread_runStub$45)
                  00007b76    00000012     rtsv7M4_T_le_v4SPD16_eabi.lib : wcslen.c.obj (.text:wcslen)
                  00007b88    00000010     dpl_cc13x2.a : ClockP_tirtos.oem4f (.text:ClockP_isActive)
                  00007b98    00000010                  : HwiP_tirtos.oem4f (.text:HwiP_Params_init)
                  00007ba8    00000010     rf_multiMode_cc13x2.aem4f : rfc.c.cc13x2.ccs.o (.text:NOROM_RFCHwIntGetAndClear)
                  00007bb8    00000010     drivers_cc13x2.a : PINCC26XX.oem4f (.text:PINCC26XX_getPinCount)
                  00007bc8    00000010     rf_multiMode_cc13x2.aem4f : RFCC26X2_multiMode.c.cc13x2.ccs.o (.text:RF_dbellSubmitCmdAsync)
                  00007bd8    00000010                               : RFCC26X2_multiMode.c.cc13x2.ccs.o (.text:RF_isClientOwner)
                  00007be8    00000010     dpl_cc13x2.a : SwiP_tirtos.oem4f (.text:SwiP_Params_init)
                  00007bf8    00000010     rom_sysbios.aem4f : rom_sysbios.obj (.text:ti_sysbios_family_arm_m3_Hwi_post__E)
                  00007c08    00000010     drivers_cc13x2.a : UARTCC26XX.oem4f (.text:uartPostNotify)
                  00007c18    0000000e     rf_multiMode_cc13x2.aem4f : RFCC26X2_multiMode.c.cc13x2.ccs.o (.text:RF_getSwitchingTimeInUs)
                  00007c26    0000000e     rtsv7M4_T_le_v4SPD16_eabi.lib : copy_decompress_none.c.obj (.text:decompress:none:__TI_decompress_none)
                  00007c34    0000000e     rom_sysbios.aem4f : rom_sysbios.obj (.text:pthread_attr_setdetachstate)
                  00007c42    0000000e                       : rom_sysbios.obj (.text:ti_sysbios_family_arm_cc26xx_TimestampProvider_get32__E)
                  00007c50    0000000c     dpl_cc13x2.a : ClockP_tirtos.oem4f (.text:ClockP_getSystemTickPeriod)
                  00007c5c    0000000c     driverlib.lib : cpu.obj (.text:NOROM_CPUcpsid)
                  00007c68    0000000c                   : cpu.obj (.text:NOROM_CPUcpsie)
                  00007c74    0000000c     drivers_cc13x2.a : PINCC26XX.oem4f (.text:PIN_registerIntCb)
                  00007c80    0000000c                      : PowerCC26X2.oem4f (.text:Power_getConstraintMask)
                  00007c8c    0000000c                      : PowerCC26X2.oem4f (.text:Power_getDependencyCount)
                  00007c98    0000000c     RFQueue.obj (.text:RFQueue_getDataEntry)
                  00007ca4    0000000c     rf_multiMode_cc13x2.aem4f : RFCC26X2_multiMode.c.cc13x2.ccs.o (.text:RF_powerConstraintGet)
                  00007cb0    0000000c     dpl_cc13x2.a : SemaphoreP_tirtos.oem4f (.text:SemaphoreP_delete)
                  00007cbc    0000000c     rtsv7M4_T_le_v4SPD16_eabi.lib : _lock.c.obj (.text:_register_lock)
                  00007cc8    0000000c                                   : _lock.c.obj (.text:_register_unlock)
                  00007cd4    0000000c                                   : copy_zero_init.c.obj (.text:decompress:ZI:__TI_zero_init)
                  00007ce0    0000000c     rom_sysbios.aem4f : rom_sysbios.obj (.text:pthread_self)
                  00007cec    0000000c                       : rom_sysbios.obj (.text:ti_sysbios_knl_Queue_insert__E)
                  00007cf8    0000000c                       : rom_sysbios.obj (.text:ti_sysbios_knl_Swi_getTrigger__E)
                  00007d04    0000000a     dpl_cc13x2.a : ClockP_tirtos.oem4f (.text:ClockP_Params_init)
                  00007d0e    0000000a     drivers_cc13x2.a : UART.oem4f (.text:UART_write)
                  00007d18    0000000a     rtsv7M4_T_le_v4SPD16_eabi.lib : sprintf.c.obj (.text:_outc)
                  00007d22    0000000a     drivers_cc13x2.a : UARTCC26XX.oem4f (.text:readSemCallback)
                  00007d2c    0000000a     release_pem4f.oem4f (.text:ti_sysbios_rts_ti_ReentSupport_getTlsAddr__I)
                  00007d36    00000008     drivers_cc13x2.a : UARTCC26XX.oem4f (.text:UARTCC26XX_init)
                  00007d3e    00000008                      : UARTCC26XX.oem4f (.text:writeSemCallback)
                  00007d46    00000008     release_pem4f.oem4f (.text:xdc_runtime_Text_visitRope__I)
                  00007d4e    00000006     driverlib.lib : cpu.obj (.text:NOROM_CPUdelay)
                  00007d54    00000006     rf_multiMode_cc13x2.aem4f : RFCC26X2_multiMode.c.cc13x2.ccs.o (.text:RF_clkReqAccess)
                  00007d5a    00000006     drivers_cc13x2.a : UARTCC26XX.oem4f (.text:UARTCC26XX_readPolling)
                  00007d60    00000006                      : UARTCC26XX.oem4f (.text:UARTCC26XX_writePolling)
                  00007d66    00000006                      : PowerCC26X2.oem4f (.text:delayUs)
                  00007d6c    00000006     rom_sysbios.aem4f : rom_sysbios.obj (.text:pthread_attr_setstacksize)
                  00007d72    00000006                       : rom_sysbios.obj (.text:ti_sysbios_family_arm_m3_Hwi_setFunc__E)
                  00007d78    00000004     dpl_cc13x2.a : PowerCC26X2_tirtos.oem4f (.text:CPUwfi)
                  00007d7c    00000004                  : ClockP_tirtos.oem4f (.text:ClockP_destruct)
                  00007d80    00000004                  : ClockP_tirtos.oem4f (.text:ClockP_getCpuFreq)
                  00007d84    00000004                  : ClockP_tirtos.oem4f (.text:ClockP_getTimeout)
                  00007d88    00000004                  : ClockP_tirtos.oem4f (.text:ClockP_setTimeout)
                  00007d8c    00000004                  : ClockP_tirtos.oem4f (.text:ClockP_start)
                  00007d90    00000004                  : ClockP_tirtos.oem4f (.text:ClockP_stop)
                  00007d94    00000004                  : HwiP_tirtos.oem4f (.text:HwiP_destruct)
                  00007d98    00000004                  : HwiP_tirtos.oem4f (.text:HwiP_disable)
                  00007d9c    00000004                  : HwiP_tirtos.oem4f (.text:HwiP_enableInterrupt)
                  00007da0    00000004                  : HwiP_tirtos.oem4f (.text:HwiP_post)
                  00007da4    00000004     rf_multiMode_cc13x2.aem4f : rfc.c.cc13x2.ccs.o (.text:NOROM_RFCOverrideUpdate)
                  00007da8    00000004                               : RFCC26X2_multiMode.c.cc13x2.ccs.o (.text:RF_defaultExecutionPolicy)
                  00007dac    00000004     dpl_cc13x2.a : SemaphoreP_tirtos.oem4f (.text:SemaphoreP_destruct)
                  00007db0    00000004                  : SemaphoreP_tirtos.oem4f (.text:SemaphoreP_post)
                  00007db4    00000004                  : SwiP_tirtos.oem4f (.text:SwiP_destruct)
                  00007db8    00000004                  : SwiP_tirtos.oem4f (.text:SwiP_disable)
                  00007dbc    00000004                  : SwiP_tirtos.oem4f (.text:SwiP_getTrigger)
                  00007dc0    00000004                  : SwiP_tirtos.oem4f (.text:SwiP_or)
                  00007dc4    00000004     rom_sysbios.aem4f : rom_sysbios.obj (.text:__aeabi_errno_addr)
                  00007dc8    00000004     drivers_cc13x2.a : PowerCC26X2.oem4f (.text:configureRFCoreClocks)
                  00007dcc    00000004                      : PowerCC26X2.oem4f (.text:nopResourceHandler)
                  00007dd0    00000004     rom_sysbios.aem4f : rom_sysbios.obj (.text:ti_sysbios_knl_Clock_isActive__E)
                  00007dd4    00000004                       : rom_sysbios.obj (.text:ti_sysbios_knl_Task_getArg1__E)
                  00007dd8    00000004                       : rom_sysbios.obj (.text:ti_sysbios_knl_Task_getEnv__E)
                  00007ddc    00000004     release_pem4f.oem4f (.text:xdc_runtime_Startup_reset__I)
                  00007de0    00000004     rom_sysbios.aem4f : rom_sysbios.obj (.text:xdc_runtime_SysCallback_defaultReady)
                  00007de4    00000008     (.tramp.ti_sysbios_knl_Swi_destruct.1)
                  00007dec    00000008     (.tramp.ti_sysbios_family_arm_m3_Hwi_enableInterrupt__E.1)
                  00007df4    00000008     (.tramp.ti_sysbios_family_arm_m3_Hwi_destruct.1)
                  00007dfc    00000008     (.tramp.ti_sysbios_BIOS_getCpuFreq__E.1)
                  00007e04    00000008     (.tramp.ti_sysbios_knl_Clock_destruct.1)
                  00007e0c    00000008     (.tramp.ti_sysbios_knl_Task_self__E.1)
                  00007e14    00000008     (.tramp.ti_sysbios_knl_Semaphore_delete.1)
                  00007e1c    00000008     (.tramp.ti_sysbios_knl_Clock_logTick__E.1)
                  00007e24    00000008     (.tramp.ti_sysbios_BIOS_getThreadType__E.1)
                  00007e2c    00000008     (.tramp.ti_sysbios_knl_Swi_post__E.1)
                  00007e34    00000008     (.tramp.ti_sysbios_BIOS_RtsGateProxy_leave__E.1)
                  00007e3c    00000008     (.tramp.ti_sysbios_knl_Swi_construct.1)
                  00007e44    00000008     (.tramp.ti_sysbios_BIOS_RtsGateProxy_enter__E.1)
                  00007e4c    00000008     (.tramp.ti_sysbios_family_arm_m3_Hwi_disableFxn__E.1)
                  00007e54    00000008     (.tramp.ti_sysbios_knl_Clock_TimerProxy_getCurrentTick__E.1)
                  00007e5c    00000008     (.tramp.ti_sysbios_knl_Task_delete.1)
                  00007e64    00000008     (.tramp.ti_sysbios_knl_Semaphore_destruct.1)
                  00007e6c    00000008     (.tramp.ti_sysbios_knl_Semaphore_create.1)
                  00007e74    00000008     (.tramp.ti_sysbios_knl_Clock_getTicks__E.1)
                  00007e7c    00000008     (.tramp.ti_sysbios_knl_Task_startup__E.1)
                  00007e84    00000008     (.tramp.ti_sysbios_knl_Swi_startup__E.1)
                  00007e8c    00000008     (.tramp.ti_sysbios_hal_Hwi_startup__E.1)
                  00007e94    00000008     (.tramp.ti_sysbios_family_arm_cc26xx_Timer_startup__E.1)
                  00007e9c    00000008     (.tramp.xdc_runtime_System_atexit__E.1)
                  00007ea4    00000008     (.tramp.ti_sysbios_BIOS_linkedWithIncorrectBootLibrary__E.1)
                  00007eac    00000008     (.tramp.xdc_runtime_Startup_rtsDone__E.1)
                  00007eb4    00000008     (.tramp.ti_sysbios_knl_Swi_disable__E.1)
                  00007ebc    00000008     (.tramp.ti_sysbios_family_arm_m3_Hwi_construct.1)
                  00007ec4    00000008     (.tramp.ti_sysbios_family_arm_m3_Hwi_Params__init__S.1)
                  00007ecc    00000008     (.tramp.ti_sysbios_knl_Clock_construct.1)
                  00007ed4    00000008     (.tramp.ti_sysbios_knl_Clock_Params__init__S.1)
                  00007edc    00000008     (.tramp.ti_sysbios_knl_Swi_Params__init__S.1)
                  00007ee4    00000008     (.tramp.ti_sysbios_heaps_HeapMem_Module_GateProxy_leave__E.1)
                  00007eec    00000008     (.tramp.ti_sysbios_heaps_HeapMem_Module_GateProxy_enter__E.1)
                  00007ef4    00000008     (.tramp.xdc_runtime_System_exit__E.1)
                  00007efc    00000008     (.tramp.ti_sysbios_heaps_HeapMem_restore__E.1)
                  00007f04    00000008     (.tramp.ti_sysbios_heaps_HeapMem_Object__get__S.1)
                  00007f0c    00000008     (.tramp.ti_sysbios_BIOS_start__E.1)
                  00007f14    00000008     (.tramp.xdc_runtime_Error_raiseX__E.1)
                  00007f1c    00000008     (.tramp.ti_sysbios_BIOS_setThreadType__E.1)
                  00007f24    00000008     (.tramp.ti_sysbios_family_arm_m3_Hwi_excFillContext__I.1)
                  00007f2c    00000008     (.tramp.ti_sysbios_knl_Semaphore_post__E.1)
                  00007f34    00000008     (.tramp.xdc_runtime_Memory_free__E.1)
                  00007f3c    00000008     (.tramp.ti_sysbios_knl_Queue_next__E.1)
                  00007f44    00000008     (.tramp.ti_sysbios_knl_Queue_head__E.1)
                  00007f4c    00000008     (.tramp.ti_sysbios_knl_Semaphore_pend__E.1)
                  00007f54    00000008     (.tramp.ti_sysbios_knl_Task_restore__E.1)
                  00007f5c    00000008     (.tramp.ti_sysbios_knl_Queue_enqueue__E.1)
                  00007f64    00000008     (.tramp.ti_sysbios_knl_Queue_empty__E.1)
                  00007f6c    00000008     (.tramp.ti_sysbios_knl_Queue_remove__E.1)
                  00007f74    00000008     (.tramp.ti_sysbios_knl_Task_disable__E.1)
                  00007f7c    00000008     (.tramp.ti_sysbios_knl_Clock_stop__E.1)
                  00007f84    00000008     (.tramp.ti_sysbios_knl_Clock_start__E.1)
                  00007f8c    00000008     (.tramp.ti_sysbios_knl_Clock_setTimeout__E.1)
                  00007f94    00000008     (.tramp.ti_sysbios_knl_Swi_restore__E.1)
                  00007f9c    00000008     (.tramp.ti_sysbios_knl_Task_create.1)
                  00007fa4    00000008     (.tramp.ti_sysbios_knl_Semaphore_construct.1)
                  00007fac    00000008     (.tramp.ti_sysbios_knl_Semaphore_Params__init__S.1)
                  00007fb4    00000008     (.tramp.ti_sysbios_knl_Queue_construct.1)
                  00007fbc    00000008     (.tramp.xdc_runtime_Memory_alloc__E.1)
                  00007fc4    00000008     (.tramp.ti_sysbios_knl_Task_Params__init__S.1)
                  00007fcc    00000008     (.tramp.xdc_runtime_System_doPrint__I.1)
                  00007fd4    00000008     (.tramp.ti_sysbios_family_arm_m3_Hwi_restoreFxn__E.1)
                  00007fdc    00000008     (.tramp.strlen.1)

.const     0    00007fe4    0000098f     
                  00007fe4    000003b8     release_pem4f.oem4f (.const:ROM_constStruct)
                  0000839c    000001f0     rf_multiMode_cc13x2.aem4f : rf_patch_cpe_prop.c.cc13x2.ccs.o (.const:patchImageProp)
                  0000858c    00000101     rtsv7M4_T_le_v4SPD16_eabi.lib : ctype.c.obj (.const:.string:_ctypes_)
                  0000868d    00000001     release_pem4f.oem4f (.const:xdc_runtime_Text_charTab__A)
                  0000868e    00000054     drivers_cc13x2.a : PowerCC26X2.oem4f (.const:resourceDB)
                  000086e2    00000002     --HOLE-- [fill = 0]
                  000086e4    00000048     release_pem4f.oem4f (.const:.string)
                  0000872c    00000048     release_pem4f.oem4f (.const:ROM_externFuncPtrs)
                  00008774    00000028     drivers_cc13x2.a : UARTCC26XX.oem4f (.const:UARTCC26XX_fxnTable)
                  0000879c    00000028     ti_drivers_config.obj (.const:uartCC26XXHWAttrs)
                  000087c4    00000024     drivers_cc13x2.a : UART.oem4f (.const:UART_defaultParams)
                  000087e8    00000024     release_pem4f.oem4f (.const:xdc_runtime_Startup_sfxnTab__A)
                  0000880c    00000020     rf_multiMode_cc13x2.aem4f : RFCC26X2_multiMode.c.cc13x2.ccs.o (.const:RF_defaultParams)
                  0000882c    00000018     drivers_cc13x2.a : GPIOCC26XX.oem4f (.const:interruptType)
                  00008844    00000014     ti_drivers_config.obj (.const:$P$T1$2)
                  00008858    00000014     ti_drivers_config.obj (.const:GPIOCC26XX_config)
                  0000886c    00000014     ti_drivers_config.obj (.const:PowerCC26X2_config)
                  00008880    00000014     drivers_cc13x2.a : UARTCC26XX.oem4f (.const:parityType)
                  00008894    00000012     release_pem4f.oem4f (.const:xdc_runtime_Startup_sfxnRts__A)
                  000088a6    00000002     --HOLE-- [fill = 0]
                  000088a8    00000010     ti_drivers_config.obj (.const:BoardGpioInitTable)
                  000088b8    00000010     drivers_cc13x2.a : UARTCC26XX.oem4f (.const:dataLength)
                  000088c8    00000010                      : GPIOCC26XX.oem4f (.const:outPinTypes)
                  000088d8    0000000c     ti_drivers_config.obj (.const:RFCC26XX_hwAttrs)
                  000088e4    0000000c     ti_drivers_config.obj (.const:UART_config)
                  000088f0    0000000c     drivers_cc13x2.a : GPIOCC26XX.oem4f (.const:inPinTypes)
                  000088fc    0000000c                      : GPIOCC26XX.oem4f (.const:outPinStrengths)
                  00008908    0000000c     release_pem4f.oem4f (.const:xdc_runtime_Startup_firstFxns__A)
                  00008914    00000008     driverlib.lib : aux_sysif.obj (.const:$O1$$)
                  0000891c    00000008     ti_drivers_config.obj (.const:$P$T0$1)
                  00008924    00000008     ti_drivers_config.obj (.const:PINCC26XX_hwAttrs)
                  0000892c    00000008     drivers_cc13x2.a : UARTCC26XX.oem4f (.const:stopBits)
                  00008934    00000008     release_pem4f.oem4f (.const:ti_sysbios_family_arm_m3_Hwi_excHookFuncs__A)
                  0000893c    00000008     release_pem4f.oem4f (.const:ti_sysbios_knl_Idle_funcList__A)
                  00008944    00000006     drivers_cc13x2.a : UARTCC26XX.oem4f (.const:.string:rxFifoBytes)
                  0000894a    00000006                      : UARTCC26XX.oem4f (.const:.string:rxFifoThreshold)
                  00008950    00000006                      : UARTCC26XX.oem4f (.const:.string:txFifoBytes)
                  00008956    00000006                      : UARTCC26XX.oem4f (.const:.string:txFifoThreshold)
                  0000895c    00000004     release_pem4f.oem4f (.const:ti_sysbios_family_arm_m3_Hwi_E_exception__C)
                  00008960    00000004     release_pem4f.oem4f (.const:ti_sysbios_heaps_HeapMem_primaryHeapBaseAddr__C)
                  00008964    00000004     release_pem4f.oem4f (.const:ti_sysbios_heaps_HeapMem_primaryHeapEndAddr__C)
                  00008968    00000004     release_pem4f.oem4f (.const:ti_sysbios_knl_Clock_tickPeriod__C)
                  0000896c    00000004     release_pem4f.oem4f (.const:ti_sysbios_knl_Task_Object__heap__C)
                  00008970    00000003     ti_drivers_config.obj (.const)

MODULE SUMMARY

       Module                              code    ro data   rw data
       ------                              ----    -------   -------
    ./
       main_thread.obj                     416     0         360    
       RFQueue.obj                         268     0         4      
       main_tirtos.obj                     104     0         0      
    +--+-----------------------------------+-------+---------+---------+
       Total:                              788     0         364    
                                                                    
    ./syscfg/
       ti_drivers_config.obj               306     159       476    
       ti_radio_config.obj                 0       0         156    
       ti_devices_config.obj               0       88        0      
    +--+-----------------------------------+-------+---------+---------+
       Total:                              306     247       632    
                                                                    
    /Volumes/Storage/shared/anetreba/IOT/Movement/RX/tirtos_builds_cc13x2_cc26x2_release_ccs/Debug/configPkg/package/cfg/
       release_pem4f.oem4f                 802     1259      1830   
    +--+-----------------------------------+-------+---------+---------+
       Total:                              802     1259      1830   
                                                                    
    /Volumes/Storage/shared/anetreba/IOT/Movement/RX/tirtos_builds_cc13x2_cc26x2_release_ccs/src/sysbios/rom_sysbios.aem4f
       rom_sysbios.obj                     2213    0         136    
    +--+-----------------------------------+-------+---------+---------+
       Total:                              2213    0         136    
                                                                    
    /Volumes/Storage/shared/anetreba/ti/ccs1020/ccs/tools/compiler/ti-cgt-arm_20.2.2.LTS/lib/rtsv7M4_T_le_v4SPD16_eabi.lib
       _printfi.c.obj                      4851    0         0      
       fd_add_t2.asm.obj                   438     0         0      
       fd_div_t2.asm.obj                   310     0         0      
       s_scalbn.c.obj                      272     0         0      
       fd_cmp_t2.asm.obj                   268     0         0      
       ctype.c.obj                         0       257       0      
       fd_mul_t2.asm.obj                   252     0         0      
       memcpy_t2.asm.obj                   156     0         0      
       ull_div_t2.asm.obj                  150     0         0      
       memset_t2.asm.obj                   122     0         0      
       copy_decompress_lzss.c.obj          104     0         0      
       s_frexp.c.obj                       100     0         0      
       sprintf.c.obj                       98      0         0      
       _ltoa.c.obj                         84      0         0      
       atoi.c.obj                          76      0         0      
       cpy_tbl.c.obj                       76      0         0      
       fd_toi_t2.asm.obj                   72      0         0      
       fd_tou_t2.asm.obj                   68      0         0      
       u_divt2.asm.obj                     64      0         0      
       fs_tod_t2.asm.obj                   56      0         0      
       i_tofd_t2.asm.obj                   46      0         0      
       _lock.c.obj                         26      0         8      
       u_tofd_t2.asm.obj                   32      0         0      
       memccpy.c.obj                       28      0         0      
       s_copysign.c.obj                    26      0         0      
       args_main.c.obj                     24      0         0      
       ll_mul_t2.asm.obj                   24      0         0      
       strchr.c.obj                        22      0         0      
       wcslen.c.obj                        18      0         0      
       copy_decompress_none.c.obj          14      0         0      
       copy_zero_init.c.obj                12      0         0      
       stkdepth_vars.c.obj                 0       0         4      
       div0.asm.obj                        2       0         0      
    +--+-----------------------------------+-------+---------+---------+
       Total:                              7891    257       12     
                                                                    
    /Volumes/Storage/shared/anetreba/ti/ccs1020/simplelink_cc13x2_26x2_sdk_4_40_04_04/kernel/tirtos/packages/ti/dpl/lib/ccs/m4f/dpl_cc13x2.a
       PowerCC26X2_tirtos.oem4f            260     0         8      
       ClockP_tirtos.oem4f                 126     0         0      
       HwiP_tirtos.oem4f                   126     0         0      
       SemaphoreP_tirtos.oem4f             126     0         0      
       SwiP_tirtos.oem4f                   116     0         0      
    +--+-----------------------------------+-------+---------+---------+
       Total:                              754     0         8      
                                                                    
    /Volumes/Storage/shared/anetreba/ti/ccs1020/simplelink_cc13x2_26x2_sdk_4_40_04_04/kernel/tirtos/packages/ti/targets/arm/rtsarm/lib/auto_init.aem4f
       auto_init.oem4f                     160     0         0      
    +--+-----------------------------------+-------+---------+---------+
       Total:                              160     0         0      
                                                                    
    /Volumes/Storage/shared/anetreba/ti/ccs1020/simplelink_cc13x2_26x2_sdk_4_40_04_04/kernel/tirtos/packages/ti/targets/arm/rtsarm/lib/boot.aem4f
       boot.oem4f                          88      0         0      
    +--+-----------------------------------+-------+---------+---------+
       Total:                              88      0         0      
                                                                    
    /Volumes/Storage/shared/anetreba/ti/ccs1020/simplelink_cc13x2_26x2_sdk_4_40_04_04/source/ti/devices/cc13x2_cc26x2/driverlib/bin/ccs/driverlib.lib
       sys_ctrl.obj                        420     0         0      
       osc.obj                             340     0         36     
       setup.obj                           324     0         0      
       chipinfo.obj                        250     0         0      
       prcm.obj                            160     0         0      
       aux_sysif.obj                       52      8         0      
       cpu.obj                             30      0         0      
       driverlib_release.obj               0       0         1      
    +--+-----------------------------------+-------+---------+---------+
       Total:                              1576    8         37     
                                                                    
    /Volumes/Storage/shared/anetreba/ti/ccs1020/simplelink_cc13x2_26x2_sdk_4_40_04_04/source/ti/drivers/lib/ccs/m4f/drivers_cc13x2.a
       UARTCC26XX.oem4f                    2760    108       0      
       PowerCC26X2.oem4f                   2196    84        368    
       PINCC26XX.oem4f                     1554    0         328    
       PowerCC26X2_calibrateRCOSC.oem4f    1400    0         0      
       GPIOCC26XX.oem4f                    712     64        61     
       List.oem4f                          210     0         0      
       UART.oem4f                          166     36        1      
       RingBuf.oem4f                       152     0         0      
    +--+-----------------------------------+-------+---------+---------+
       Total:                              9150    292       758    
                                                                    
    /Volumes/Storage/shared/anetreba/ti/ccs1020/simplelink_cc13x2_26x2_sdk_4_40_04_04/source/ti/drivers/rf/lib/rf_multiMode_cc13x2.aem4f
       RFCC26X2_multiMode.c.cc13x2.ccs.o   8016    32        1301   
       rf_patch_cpe_prop.c.cc13x2.ccs.o    108     496       1      
       rfc.c.cc13x2.ccs.o                  302     0         0      
    +--+-----------------------------------+-------+---------+---------+
       Total:                              8426    528       1302   
                                                                    
       Stack:                              0       0         1024   
       Linker Generated:                   512     575       0      
    +--+-----------------------------------+-------+---------+---------+
       Grand Total:                        32666   3166      6103   


LINKER GENERATED COPY TABLES

__TI_cinit_table @ 00008b90 records: 5, size/record: 8, table size: 40
	.data: load addr=00008978, load size=000001eb bytes, run addr=20004110, run size=00000b49 bytes, compression=lzss
	.bss: load addr=00008b70, load size=00000008 bytes, run addr=20004c60, run size=000007aa bytes, compression=zero_init
	.data:xdcRomConstPtr: load addr=00008b78, load size=00000008 bytes, run addr=20000100, run size=00000004 bytes, compression=lzss
	.data:xdcRomExternFuncPtr: load addr=00008b80, load size=00000008 bytes, run addr=20000104, run size=00000004 bytes, compression=lzss
	.data:xdcRomStatePtr: load addr=00008b88, load size=00000008 bytes, run addr=20000108, run size=00000004 bytes, compression=lzss


LINKER GENERATED HANDLER TABLE

__TI_handler_table @ 00008b64 records: 3, size/record: 4, table size: 12
	index: 0, handler: __TI_decompress_lzss
	index: 1, handler: __TI_decompress_none
	index: 2, handler: __TI_zero_init


FAR CALL TRAMPOLINES

callee name               trampoline name
   callee addr  tramp addr   call addr  call info
--------------  -----------  ---------  ----------------
ti_sysbios_knl_Swi_destruct  $Tramp$TT$L$PI$$ti_sysbios_knl_Swi_destruct
   1002e8bd     00007de4     00007db4   dpl_cc13x2.a : SwiP_tirtos.oem4f (.text:SwiP_destruct)
ti_sysbios_family_arm_m3_Hwi_enableInterrupt__E  $Tramp$TT$L$PI$$ti_sysbios_family_arm_m3_Hwi_enableInterrupt__E
   1002d91d     00007dec     00007d9c   dpl_cc13x2.a : HwiP_tirtos.oem4f (.text:HwiP_enableInterrupt)
ti_sysbios_family_arm_m3_Hwi_destruct  $Tramp$TT$L$PI$$ti_sysbios_family_arm_m3_Hwi_destruct
   1002e475     00007df4     00007d94   dpl_cc13x2.a : HwiP_tirtos.oem4f (.text:HwiP_destruct)
ti_sysbios_BIOS_getCpuFreq__E  $Tramp$TT$L$PI$$ti_sysbios_BIOS_getCpuFreq__E
   1002e9fd     00007dfc     00007d80   dpl_cc13x2.a : ClockP_tirtos.oem4f (.text:ClockP_getCpuFreq)
ti_sysbios_knl_Clock_destruct  $Tramp$TT$L$PI$$ti_sysbios_knl_Clock_destruct
   1002e649     00007e04     00007d7c   dpl_cc13x2.a : ClockP_tirtos.oem4f (.text:ClockP_destruct)
ti_sysbios_knl_Task_self__E  $Tramp$TT$L$PI$$ti_sysbios_knl_Task_self__E
   1002eaf5     00007e0c     00007ce2   rom_sysbios.aem4f : rom_sysbios.obj (.text:pthread_self)
                             00007d2e   release_pem4f.oem4f (.text:ti_sysbios_rts_ti_ReentSupport_getTlsAddr__I)
ti_sysbios_knl_Semaphore_delete  $Tramp$TT$L$PI$$ti_sysbios_knl_Semaphore_delete
   1002ecdb     00007e14     00007cb6   dpl_cc13x2.a : SemaphoreP_tirtos.oem4f (.text:SemaphoreP_delete)
ti_sysbios_knl_Clock_logTick__E  $Tramp$TT$L$PI$$ti_sysbios_knl_Clock_logTick__E
   1002dbd7     00007e1c     00007b2e   release_pem4f.oem4f (.text:ti_sysbios_knl_Clock_doTick__I)
ti_sysbios_BIOS_getThreadType__E  $Tramp$TT$L$PI$$ti_sysbios_BIOS_getThreadType__E
   1002ea95     00007e24     000079ee   rom_sysbios.aem4f : rom_sysbios.obj (.text:ti_sysbios_rts_ti_ReentSupport_getReent__F)
ti_sysbios_knl_Swi_post__E  $Tramp$TT$L$PI$$ti_sysbios_knl_Swi_post__E
   1002d891     00007e2c     000079e8   rom_sysbios.aem4f : rom_sysbios.obj (.text:ti_sysbios_knl_Swi_or__E)
                             00007b36   release_pem4f.oem4f (.text:ti_sysbios_knl_Clock_doTick__I)
ti_sysbios_BIOS_RtsGateProxy_leave__E  $Tramp$TT$L$PI$$ti_sysbios_BIOS_RtsGateProxy_leave__E
   1002ec7b     00007e34     000079ca   release_pem4f.oem4f (.text:ti_sysbios_BIOS_rtsUnlock__I)
ti_sysbios_knl_Swi_construct  $Tramp$TT$L$PI$$ti_sysbios_knl_Swi_construct
   1002d719     00007e3c     00007896   rom_sysbios.aem4f : rom_sysbios.obj (.text:ti_sysbios_knl_Swi_construct2__E)
ti_sysbios_BIOS_RtsGateProxy_enter__E  $Tramp$TT$L$PI$$ti_sysbios_BIOS_RtsGateProxy_enter__E
   1002ec77     00007e44     0000771a   release_pem4f.oem4f (.text:ti_sysbios_BIOS_rtsLock__I)
ti_sysbios_family_arm_m3_Hwi_disableFxn__E  $Tramp$TT$L$PI$$ti_sysbios_family_arm_m3_Hwi_disableFxn__E
   1002eb55     00007e4c     000075bc   dpl_cc13x2.a : HwiP_tirtos.oem4f (.text:HwiP_setFunc)
                             00007d98                : HwiP_tirtos.oem4f (.text:HwiP_disable)
ti_sysbios_knl_Clock_TimerProxy_getCurrentTick__E  $Tramp$TT$L$PI$$ti_sysbios_knl_Clock_TimerProxy_getCurrentTick__E
   1002eac5     00007e54     0000725e   rom_sysbios.aem4f : rom_sysbios.obj (.text:ti_sysbios_knl_Clock_getTicksUntilInterrupt__E)
ti_sysbios_knl_Task_delete  $Tramp$TT$L$PI$$ti_sysbios_knl_Task_delete
   1002ece7     00007e5c     000071dc   rom_sysbios.aem4f : rom_sysbios.obj (.text:_pthread_delete$45)
ti_sysbios_knl_Semaphore_destruct  $Tramp$TT$L$PI$$ti_sysbios_knl_Semaphore_destruct
   1002e6fd     00007e64     000071d0   rom_sysbios.aem4f : rom_sysbios.obj (.text:_pthread_delete$45)
                             00007dac   dpl_cc13x2.a : SemaphoreP_tirtos.oem4f (.text:SemaphoreP_destruct)
ti_sysbios_knl_Semaphore_create  $Tramp$TT$L$PI$$ti_sysbios_knl_Semaphore_create
   1002dc49     00007e6c     000071bc   dpl_cc13x2.a : SemaphoreP_tirtos.oem4f (.text:SemaphoreP_createBinary)
ti_sysbios_knl_Clock_getTicks__E  $Tramp$TT$L$PI$$ti_sysbios_knl_Clock_getTicks__E
   1002dc11     00007e74     000070f8   rom_sysbios.aem4f : rom_sysbios.obj (.text:ti_sysbios_knl_Clock_getTimeout__E)
ti_sysbios_knl_Task_startup__E  $Tramp$TT$L$PI$$ti_sysbios_knl_Task_startup__E
   1002eceb     00007e7c     00007078   release_pem4f.oem4f (.text:ti_sysbios_BIOS_startFunc__I)
ti_sysbios_knl_Swi_startup__E  $Tramp$TT$L$PI$$ti_sysbios_knl_Swi_startup__E
   1002ec6b     00007e84     00007074   release_pem4f.oem4f (.text:ti_sysbios_BIOS_startFunc__I)
ti_sysbios_hal_Hwi_startup__E  $Tramp$TT$L$PI$$ti_sysbios_hal_Hwi_startup__E
   1002ec31     00007e8c     00007070   release_pem4f.oem4f (.text:ti_sysbios_BIOS_startFunc__I)
ti_sysbios_family_arm_cc26xx_Timer_startup__E  $Tramp$TT$L$PI$$ti_sysbios_family_arm_cc26xx_Timer_startup__E
   1002dcf1     00007e94     0000706c   release_pem4f.oem4f (.text:ti_sysbios_BIOS_startFunc__I)
xdc_runtime_System_atexit__E  $Tramp$TT$L$PI$$xdc_runtime_System_atexit__E
   1002f559     00007e9c     00007064   release_pem4f.oem4f (.text:ti_sysbios_BIOS_startFunc__I)
ti_sysbios_BIOS_linkedWithIncorrectBootLibrary__E  $Tramp$TT$L$PI$$ti_sysbios_BIOS_linkedWithIncorrectBootLibrary__E
   1002d01b     00007ea4     0000705e   release_pem4f.oem4f (.text:ti_sysbios_BIOS_startFunc__I)
xdc_runtime_Startup_rtsDone__E  $Tramp$TT$L$PI$$xdc_runtime_Startup_rtsDone__E
   1002f8e5     00007eac     00007056   release_pem4f.oem4f (.text:ti_sysbios_BIOS_startFunc__I)
ti_sysbios_knl_Swi_disable__E  $Tramp$TT$L$PI$$ti_sysbios_knl_Swi_disable__E
   1002ea25     00007eb4     00007026   release_pem4f.oem4f (.text:ti_sysbios_BIOS_atExitFunc__I)
                             000077f2   dpl_cc13x2.a : PowerCC26X2_tirtos.oem4f (.text:PowerCC26XX_schedulerDisable)
                             00007db8                : SwiP_tirtos.oem4f (.text:SwiP_disable)
ti_sysbios_family_arm_m3_Hwi_construct  $Tramp$TT$L$PI$$ti_sysbios_family_arm_m3_Hwi_construct
   1002d421     00007ebc     00006c82   rom_sysbios.aem4f : rom_sysbios.obj (.text:ti_sysbios_family_arm_m3_Hwi_construct2__E)
ti_sysbios_family_arm_m3_Hwi_Params__init__S  $Tramp$TT$L$PI$$ti_sysbios_family_arm_m3_Hwi_Params__init__S
   1002eb49     00007ec4     00006b54   dpl_cc13x2.a : HwiP_tirtos.oem4f (.text:HwiP_construct)
ti_sysbios_knl_Clock_construct  $Tramp$TT$L$PI$$ti_sysbios_knl_Clock_construct
   1002dd8d     00007ecc     0000692e   dpl_cc13x2.a : ClockP_tirtos.oem4f (.text:ClockP_construct)
ti_sysbios_knl_Clock_Params__init__S  $Tramp$TT$L$PI$$ti_sysbios_knl_Clock_Params__init__S
   1002eb9d     00007ed4     00006914   dpl_cc13x2.a : ClockP_tirtos.oem4f (.text:ClockP_construct)
ti_sysbios_knl_Swi_Params__init__S  $Tramp$TT$L$PI$$ti_sysbios_knl_Swi_Params__init__S
   1002ebf1     00007edc     000062ce   dpl_cc13x2.a : SwiP_tirtos.oem4f (.text:SwiP_construct)
ti_sysbios_heaps_HeapMem_Module_GateProxy_leave__E  $Tramp$TT$L$PI$$ti_sysbios_heaps_HeapMem_Module_GateProxy_leave__E
   1002ecaf     00007ee4     0000611e   rom_sysbios.aem4f : rom_sysbios.obj (.text:ti_sysbios_heaps_HeapMem_alloc__E)
ti_sysbios_heaps_HeapMem_Module_GateProxy_enter__E  $Tramp$TT$L$PI$$ti_sysbios_heaps_HeapMem_Module_GateProxy_enter__E
   1002ecab     00007eec     00006108   rom_sysbios.aem4f : rom_sysbios.obj (.text:ti_sysbios_heaps_HeapMem_alloc__E)
xdc_runtime_System_exit__E  $Tramp$TT$L$PI$$xdc_runtime_System_exit__E
   1002f7b1     00007ef4     00006088   boot.aem4f : boot.oem4f (.text)
                             00007a84   release_pem4f.oem4f (.text:ti_sysbios_BIOS_exitFunc__I)
ti_sysbios_heaps_HeapMem_restore__E  $Tramp$TT$L$PI$$ti_sysbios_heaps_HeapMem_restore__E
   1002eb13     00007efc     00005f7c   rom_sysbios.aem4f : rom_sysbios.obj (.text:ti_sysbios_heaps_HeapMem_initPrimary__I)
ti_sysbios_heaps_HeapMem_Object__get__S  $Tramp$TT$L$PI$$ti_sysbios_heaps_HeapMem_Object__get__S
   1002e275     00007f04     00005f4c   rom_sysbios.aem4f : rom_sysbios.obj (.text:ti_sysbios_heaps_HeapMem_initPrimary__I)
ti_sysbios_BIOS_start__E  $Tramp$TT$L$PI$$ti_sysbios_BIOS_start__E
   1002eaa5     00007f0c     00005bca   main_tirtos.obj (.text:main)
xdc_runtime_Error_raiseX__E  $Tramp$TT$L$PI$$xdc_runtime_Error_raiseX__E
   1002f739     00007f14     000052de   rom_sysbios.aem4f : rom_sysbios.obj (.text:ti_sysbios_family_arm_m3_Hwi_excHandlerMin__I)
                             00006138                     : rom_sysbios.obj (.text:ti_sysbios_heaps_HeapMem_alloc__E)
ti_sysbios_BIOS_setThreadType__E  $Tramp$TT$L$PI$$ti_sysbios_BIOS_setThreadType__E
   1002ea11     00007f1c     0000529e   rom_sysbios.aem4f : rom_sysbios.obj (.text:ti_sysbios_family_arm_m3_Hwi_excHandlerMin__I)
                             00007030   release_pem4f.oem4f (.text:ti_sysbios_BIOS_atExitFunc__I)
                             00007a7e   release_pem4f.oem4f (.text:ti_sysbios_BIOS_exitFunc__I)
ti_sysbios_family_arm_m3_Hwi_excFillContext__I  $Tramp$TT$L$PI$$ti_sysbios_family_arm_m3_Hwi_excFillContext__I
   1002bda9     00007f24     00005298   rom_sysbios.aem4f : rom_sysbios.obj (.text:ti_sysbios_family_arm_m3_Hwi_excHandlerMin__I)
ti_sysbios_knl_Semaphore_post__E  $Tramp$TT$L$PI$$ti_sysbios_knl_Semaphore_post__E
   1002cd21     00007f2c     00004dae   rom_sysbios.aem4f : rom_sysbios.obj (.text:_pthread_removeThreadKeys)
                             000060d0                     : rom_sysbios.obj (.text:pthread_exit)
                             00007db0   dpl_cc13x2.a : SemaphoreP_tirtos.oem4f (.text:SemaphoreP_post)
xdc_runtime_Memory_free__E  $Tramp$TT$L$PI$$xdc_runtime_Memory_free__E
   1002f81d     00007f34     00004da4   rom_sysbios.aem4f : rom_sysbios.obj (.text:_pthread_removeThreadKeys)
[...]
1002eb49  ti_sysbios_family_arm_m3_Hwi_Params__init__S                       
1002eb49  ti_sysbios_hal_Hwi_HwiProxy_Params__init__S                        
1002eb55  ti_sysbios_family_arm_m3_Hwi_disableFxn__E                         
1002eb61  ti_sysbios_family_arm_m3_Hwi_enableFxn__E                          
1002eb6d  ti_sysbios_gates_GateHwi_enter__E                                  
1002eb79  ti_sysbios_BIOS_RtsGateProxy_Params__init__S                       
1002eb79  ti_sysbios_gates_GateMutex_Params__init__S                         
1002eb79  ti_sysbios_heaps_HeapMem_Module_GateProxy_Params__init__S          
1002eb85  ti_sysbios_heaps_HeapTrack_Params__init__S                         
1002eb91  ti_sysbios_heaps_HeapTrack_isBlocking__E                           
1002eb9d  ti_sysbios_knl_Clock_Params__init__S                               
1002eba9  ti_sysbios_knl_Clock_getTimerHandle__E                             
1002ebb5  ti_sysbios_knl_Event_Params__init__S                               
1002ebc1  ti_sysbios_knl_Mailbox_Params__init__S                             
1002ebcd  ti_sysbios_knl_Queue_dequeue__E                                    
1002ebd9  ti_sysbios_knl_Queue_enqueue__E                                    
1002ebe5  ti_sysbios_knl_Semaphore_Params__init__S                           
1002ebf1  ti_sysbios_knl_Swi_Params__init__S                                 
1002ebfd  ti_sysbios_knl_Swi_self__E                                         
1002ec09  ti_sysbios_knl_Task_Params__init__S                                
1002ec15  ti_sysbios_hal_Hwi_Instance_finalize__E                            
1002ec1f  ti_sysbios_knl_Event_Instance_init__E                              
1002ec29  ti_sysbios_family_arm_m3_Hwi_doSwiRestore__I                       
1002ec31  ti_sysbios_family_arm_m3_Hwi_startup__E                            
1002ec31  ti_sysbios_hal_Hwi_HwiProxy_startup__E                             
1002ec31  ti_sysbios_hal_Hwi_HwiProxy_startup__E                             
1002ec31  ti_sysbios_hal_Hwi_startup__E                                      
1002ec31  ti_sysbios_hal_Hwi_startup__E                                      
1002ec39  ti_sysbios_knl_Idle_loop__E                                        
1002ec41  ti_sysbios_family_arm_m3_Hwi_doTaskRestore__I                      
1002ec47  HwiP_restore                                                       
1002ec47  ti_sysbios_family_arm_m3_Hwi_restoreFxn__E                         
1002ec4d  ti_sysbios_gates_GateHwi_leave__E                                  
1002ec53  ti_sysbios_gates_GateMutex_Instance_finalize__E                    
1002ec59  ti_sysbios_heaps_HeapMem_isBlocking__E                             
1002ec5f  ti_sysbios_knl_Queue_Instance_init__E                              
1002ec65  ti_sysbios_knl_Queue_elemClear__E                                  
1002ec6b  ti_sysbios_knl_Swi_startup__E                                      
1002ec71  ti_sysbios_knl_Task_enable__E                                      
1002ec77  ti_sysbios_BIOS_RtsGateProxy_enter__E                              
1002ec7b  ti_sysbios_BIOS_RtsGateProxy_leave__E                              
1002ec7f  ti_sysbios_family_arm_cc26xx_Timer_getExpiredTicks__E              
1002ec83  ti_sysbios_family_arm_cc26xx_Timer_getPeriod__E                    
1002ec87  ti_sysbios_family_arm_cc26xx_Timer_setPeriod__E                    
1002ec8b  ti_sysbios_family_arm_m3_Hwi_delete                                
1002ec8f  ti_sysbios_family_arm_m3_TaskSupport_Module__startupDone__S        
1002ec8f  ti_sysbios_knl_Task_SupportProxy_Module__startupDone__S            
1002ec93  ti_sysbios_gates_GateHwi_query__E                                  
1002ec93  xdc_runtime_Main_Module_GateProxy_query__E                         
1002ec93  xdc_runtime_System_Module_GateProxy_query__E                       
1002ec93  xdc_runtime_System_Module_GateProxy_query__E                       
1002ec97  ti_sysbios_gates_GateMutex_delete                                  
1002ec9b  ti_sysbios_BIOS_RtsGateProxy_query__E                              
1002ec9b  ti_sysbios_BIOS_RtsGateProxy_query__E                              
1002ec9b  ti_sysbios_gates_GateMutex_query__E                                
1002ec9b  ti_sysbios_heaps_HeapMem_Module_GateProxy_query__E                 
1002ec9b  ti_sysbios_heaps_HeapMem_Module_GateProxy_query__E                 
1002ec9f  ti_sysbios_hal_Hwi_HwiProxy_create                                 
1002eca3  ti_sysbios_hal_Hwi_HwiProxy_delete                                 
1002eca7  ti_sysbios_hal_Hwi_delete                                          
1002ecab  ti_sysbios_heaps_HeapMem_Module_GateProxy_enter__E                 
1002ecaf  ti_sysbios_heaps_HeapMem_Module_GateProxy_leave__E                 
1002ecb3  ti_sysbios_knl_Clock_TimerProxy_getExpiredTicks__E                 
1002ecb7  ti_sysbios_knl_Clock_TimerProxy_getPeriod__E                       
1002ecbb  ti_sysbios_knl_Clock_delete                                        
1002ecbf  ti_sysbios_knl_Clock_removeI__E                                    
1002ecc3  ti_sysbios_knl_Clock_setTimeout__E                                 
1002ecc7  ti_sysbios_knl_Event_delete                                        
1002eccb  ti_sysbios_knl_Mailbox_delete                                      
1002eccf  ti_sysbios_knl_Queue_delete                                        
1002ecd3  ti_sysbios_knl_Queue_head__E                                       
1002ecd7  ti_sysbios_knl_Queue_next__E                                       
1002ecdb  ti_sysbios_knl_Semaphore_delete                                    
1002ecdf  ti_sysbios_knl_Swi_delete                                          
1002ece3  ti_sysbios_knl_Swi_postInit__I                                     
1002ece7  ti_sysbios_knl_Task_delete                                         
1002eceb  ti_sysbios_knl_Task_startup__E                                     
1002ecf1  xdc_runtime_System_doPrint__I                                      
1002f055  xdc_runtime_Startup_startMods__I                                   
1002f15d  xdc_runtime_Text_putSite__E                                        
1002f1f7  xdc_runtime_Error_policySpin__E                                    
1002f1f9  xdc_runtime_Text_putMod__E                                         
1002f289  xdc_runtime_Memory_alloc__E                                        
1002f2f9  xdc_runtime_Core_createObject__I                                   
1002f367  xdc_runtime_Core_deleteObject__I                                   
1002f3c5  xdc_runtime_Text_putLab__E                                         
1002f421  xdc_runtime_Assert_raise__I                                        
1002f475  xdc_runtime_Startup_exec__E                                        
1002f4c9  xdc_runtime_Core_assignParams__I                                   
1002f511  xdc_runtime_Core_constructObject__I                                
1002f559  xdc_runtime_System_atexit__E                                       
1002f5a1  xdc_runtime_Text_xprintf__I                                        
1002f5e5  xdc_runtime_System_processAtExit__E                                
1002f625  xdc_runtime_System_putchar__I                                      
1002f659  xdc_runtime_Core_assignLabel__I                                    
1002f689  xdc_runtime_Text_printVisFxn__I                                    
1002f6b9  xdc_runtime_System_vprintf__E                                      
1002f6e5  xdc_runtime_Text_cordText__E                                       
1002f711  xdc_runtime_System_abort__E                                        
1002f739  xdc_runtime_Error_raiseX__E                                        
1002f759  xdc_runtime_Registry_findById__E                                   
1002f779  xdc_runtime_Error_check__E                                         
1002f795  xdc_runtime_Memory_valloc__E                                       
1002f7b1  xdc_runtime_System_exit__E                                         
1002f7cd  xdc_runtime_Text_ropeText__E                                       
1002f7e9  xdc_runtime_System_printf__E                                       
1002f803  xdc_runtime_Core_destructObject__I                                 
1002f81b  xdc_runtime_System_abortSpin__E                                    
1002f81d  xdc_runtime_Memory_free__E                                         
1002f831  xdc_runtime_Memory_getStats__E                                     
1002f845  xdc_runtime_SysCallback_abort__E                                   
1002f845  xdc_runtime_System_SupportProxy_abort__E                           
1002f859  xdc_runtime_SysCallback_exit__E                                    
1002f859  xdc_runtime_System_SupportProxy_exit__E                            
1002f86d  xdc_runtime_SysCallback_flush__E                                   
1002f86d  xdc_runtime_System_SupportProxy_flush__E                           
1002f86d  xdc_runtime_System_flush__E                                        
1002f881  xdc_runtime_SysCallback_putch__E                                   
1002f881  xdc_runtime_System_SupportProxy_putch__E                           
1002f895  xdc_runtime_SysCallback_ready__E                                   
1002f895  xdc_runtime_System_SupportProxy_ready__E                           
1002f8a9  xdc_runtime_Memory_getMaxDefaultTypeAlign__E                       
1002f8b9  xdc_runtime_System_vsnprintf__E                                    
1002f8c9  xdc_runtime_Timestamp_SupportProxy_get32__E                        
1002f8c9  xdc_runtime_Timestamp_SupportProxy_get32__E                        
1002f8c9  xdc_runtime_Timestamp_get32__E                                     
1002f8c9  xdc_runtime_Timestamp_get32__E                                     
1002f8d9  xdc_runtime_Memory_calloc__E                                       
1002f8e5  xdc_runtime_Startup_rtsDone__E                                     
1002f8f1  xdc_runtime_Memory_HeapProxy_alloc__E                              
1002f8fb  xdc_runtime_Memory_HeapProxy_free__E                               
1002f905  xdc_runtime_Memory_HeapProxy_getStats__E                           
1002f90f  xdc_runtime_Gate_leaveSystem__E                                    
1002f915  xdc_runtime_System_Module_startup__E                               
1002f91b  xdc_runtime_Gate_enterSystem__E                                    
1002f91f  xdc_runtime_SysCallback_Module__startupDone__S                     
1002f91f  xdc_runtime_System_SupportProxy_Module__startupDone__S             
1002f923  xdc_runtime_System_Module_GateProxy_enter__E                       
1002f927  xdc_runtime_System_Module_GateProxy_leave__E                       
1002f92b  xdc_runtime_System_printf_va__F                                    
1002f92f  xdc_runtime_System_exitSpin__E                                     
1002f931  ti_sysbios_family_arm_m3_Hwi_dispatch__I                           
1002fa11  ti_sysbios_family_arm_m3_Hwi_interruptsAreDisabledButShouldNotBe   
1002fa2d  ti_sysbios_family_arm_m3_TaskSupport_buildTaskStack                
1002fab9  ti_sysbios_family_arm_m3_Hwi_initStacks__E                         
1002fb11  ti_sysbios_family_arm_m3_Hwi_pendSV__I                             
1002fb35  ti_sysbios_family_arm_m3_Hwi_return                                
1002fb39  ti_sysbios_family_arm_m3_Hwi_excHandlerAsm__I                      
1002fb59  ti_sysbios_family_xxx_Hwi_switchAndRunFunc                         
1002fb77  ti_sysbios_family_arm_m3_TaskSupport_swap__E                       
1002fb77  ti_sysbios_knl_Task_SupportProxy_swap__E                           
1002fb77  ti_sysbios_knl_Task_SupportProxy_swap__E                           
1002fb83  ti_sysbios_knl_Task_swapReturn                                     
1002fb8f  ti_sysbios_family_arm_m3_TaskSupport_glue                          
1002fba0  ti_sysbios_knl_Task_Object__PARAMS__C                              
1002fbdc  ti_sysbios_knl_Mailbox_Object__PARAMS__C                           
1002fc10  ti_sysbios_family_arm_m3_Hwi_Object__PARAMS__C                     
1002fc40  ti_sysbios_hal_Hwi_Object__PARAMS__C                               
1002fc6c  ti_sysbios_knl_Swi_Object__PARAMS__C                               
1002fc94  ti_sysbios_heaps_HeapMem_Object__PARAMS__C                         
1002fcb8  ti_sysbios_knl_Clock_Object__PARAMS__C                             
1002fcdc  ti_sysbios_knl_Semaphore_Object__PARAMS__C                         
1002fd00  ti_sysbios_gates_GateHwi_Object__PARAMS__C                         
1002fd18  ti_sysbios_gates_GateMutex_Object__PARAMS__C                       
1002fd30  ti_sysbios_knl_Event_Object__PARAMS__C                             
1002fd48  ti_sysbios_knl_Queue_Object__PARAMS__C                             
1002fd80  ti_sysbios_heaps_HeapTrack_Object__PARAMS__C                       
1002fd9c  ti_sysbios_heaps_HeapTrack_Instance_State_trackQueue__O            
1002fda0  ti_sysbios_heaps_HeapTrack_Module__diagsEnabled__C                 
1002fda4  ti_sysbios_heaps_HeapTrack_Module__diagsIncluded__C                
1002fda8  ti_sysbios_heaps_HeapTrack_Module__diagsMask__C                    
1002fddb  strlen                                                             
20000000  __start___llvm_prf_cnts                                            
20000000  __stop___llvm_prf_cnts                                             
20000000  ti_sysbios_family_arm_m3_Hwi_ramVectors                            
20000100  xdcRomConstPtr                                                     
20000104  xdcRomExternFuncPtr                                                
20000108  xdcRomStatePtr                                                     
20000110  __primary_heap_start__                                             
20004110  __primary_heap_end__                                               
20004608  PowerCC26X2_module                                                 
20004778  ROM_stateStruct                                                    
20004778  ti_sysbios_knl_Clock_Module__state__V                              
200047a4  ti_sysbios_family_arm_cc26xx_TimestampProvider_Module__state__V    
200047a8  xdc_runtime_Startup_Module__state__V                               
200047b0  xdc_runtime_Registry_Module__state__V                              
200047b8  ti_sysbios_BIOS_Module__state__V                                   
200047dc  ti_sysbios_knl_Swi_Module__state__V                                
200047f8  ti_sysbios_knl_Task_Module__state__V                               
2000483c  xdc_runtime_Memory_Module__state__V                                
20004840  xdc_runtime_System_Module__state__V                                
20004848  ti_sysbios_family_arm_m3_Hwi_Module__state__V                      
2000487c  ti_sysbios_family_arm_cc26xx_Timer_Module__state__V                
2000490c  ti_sysbios_gates_GateMutex_Object__table__V                        
20004960  ti_sysbios_knl_Task_Object__table__V                               
200049ac  gpioCallbackFunctions                                              
200049b0  ti_sysbios_family_arm_cc26xx_Timer_Object__table__V                
200049f8  ti_sysbios_knl_Swi_Module_State_0_readyQ__A                        
20004a28  ti_sysbios_knl_Swi_Object__table__V                                
20004a58  ti_sysbios_knl_Task_Module_State_0_readyQ__A                       
20004a88  RF_cmdPropRadioDivSetup                                            
20004ab0  pOverrides                                                         
20004ad8  _hposcCoeffs                                                       
20004afc  RF_cmdPropRx                                                       
20004b20  ti_sysbios_knl_Clock_Object__table__V                              
20004b40  xdc_runtime_Error_IgnoreBlock                                      
20004b60  RF_cmdFs                                                           
20004b78  ti_sysbios_family_arm_m3_Hwi_Object__table__V                      
20004b90  ti_sysbios_heaps_HeapMem_Object__table__V                          
20004ba8  RF_prop                                                            
20004bb8  _lock                                                              
20004bbc  _unlock                                                            
20004bc0  RFCC26XX_schedulerPolicy                                           
20004bc8  pinUpperBound                                                      
20004bcc  pinLowerBound                                                      
20004bd0  ti_sysbios_family_arm_m3_Hwi_Module__root__V                       
20004bd8  ti_sysbios_gates_GateHwi_Module__root__V                           
20004be0  ti_sysbios_gates_GateMutex_Module__root__V                         
20004be8  ti_sysbios_hal_Hwi_Module__root__V                                 
20004bf0  ti_sysbios_heaps_HeapMem_Module__root__V                           
20004bf8  ti_sysbios_knl_Clock_Module__root__V                               
20004c00  ti_sysbios_knl_Event_Module__root__V                               
20004c08  ti_sysbios_knl_Mailbox_Module__root__V                             
20004c10  ti_sysbios_knl_Queue_Module__root__V                               
20004c18  ti_sysbios_knl_Semaphore_Module__root__V                           
20004c20  ti_sysbios_knl_Swi_Module__root__V                                 
20004c28  ti_sysbios_knl_Task_Module__root__V                                
20004c30  xdc_runtime_System_Module_State_0_atexitHandlers__A                
20004c3e  ti_sysbios_family_arm_m3_Hwi_Module_State_0_excActive__A           
20004c40  gpioPinConfigs                                                     
20004c48  main_func_sp                                                       
20004c4c  ti_sysbios_family_arm_m3_Hwi_Module_State_0_excContext__A          
20004c50  ti_sysbios_family_arm_m3_Hwi_Module_State_0_excStack__A            
20004c54  ti_sysbios_knl_Task_Module_State_0_idleTask__A                     
20004c60  ti_sysbios_knl_Task_Instance_State_0_stack__A                      
20004e60  uartCC26XXObjects                                                  
20005110  ti_sysbios_family_arm_m3_Hwi_dispatchTable                         
200051e8  pinHandleTable                                                     
200053f4  msg                                                                
200053fc  PowerCC26XX_swiKey                                                 
20005400  PowerCC26XX_taskKey                                                
20005404  readEntry                                                          
20005409  driverlib_release_0_59848                                          
20013c00  __stack                                                            
20014000  __STACK_END                                                        
e000e000  ti_sysbios_family_arm_m3_Hwi_nvic                                  
ffffffff  __TI_pprof_out_hndl                                                
ffffffff  __TI_prof_data_size                                                
ffffffff  __TI_prof_data_start                                               
ffffffff  __binit__                                                          
ffffffff  __c_args__                                                         
ffffffff  binit                                                              
UNDEFED   ITM_flush                                                          
UNDEFED   ITM_restore                                                        
UNDEFED   SHT$$INIT_ARRAY$$Base                                              
UNDEFED   SHT$$INIT_ARRAY$$Limit                                             

[916 symbols]
